###############################################################################
#                                                                             #
# IAR ELF Linker V6.60.1.5097/W32 for ARM               16/Dec/2014  12:50:19 #
# Copyright 2007-2013 IAR Systems AB.                                         #
#                                                                             #
#    Output file  =  H:\Tevtron\ARM\two intrpt\arm\examples\ST\STM32F05x\stm3 #
#                    2f0xx_stdperiph_lib\Project\STM32F0xx_StdPeriph_Examples #
#                    \EXTI\EXTI_Example\STM320518-EVAL\Exe\STM32F0508-EVAL.ou #
#                    t                                                        #
#    Map file     =  H:\Tevtron\ARM\two intrpt\arm\examples\ST\STM32F05x\stm3 #
#                    2f0xx_stdperiph_lib\Project\STM32F0xx_StdPeriph_Examples #
#                    \EXTI\EXTI_Example\STM320518-EVAL\List\STM32F0508-EVAL.m #
#                    ap                                                       #
#    Command line =  "H:\Tevtron\ARM\two intrpt\arm\examples\ST\STM32F05x\stm #
#                    32f0xx_stdperiph_lib\Project\STM32F0xx_StdPeriph_Example #
#                    s\EXTI\EXTI_Example\STM320518-EVAL\Obj\main.o"           #
#                    "H:\Tevtron\ARM\two intrpt\arm\examples\ST\STM32F05x\stm #
#                    32f0xx_stdperiph_lib\Project\STM32F0xx_StdPeriph_Example #
#                    s\EXTI\EXTI_Example\STM320518-EVAL\Obj\startup_stm32f0xx #
#                    .o" "H:\Tevtron\ARM\two intrpt\arm\examples\ST\STM32F05x #
#                    \stm32f0xx_stdperiph_lib\Project\STM32F0xx_StdPeriph_Exa #
#                    mples\EXTI\EXTI_Example\STM320518-EVAL\Obj\stm320518_eva #
#                    l.o" "H:\Tevtron\ARM\two intrpt\arm\examples\ST\STM32F05 #
#                    x\stm32f0xx_stdperiph_lib\Project\STM32F0xx_StdPeriph_Ex #
#                    amples\EXTI\EXTI_Example\STM320518-EVAL\Obj\stm320518_ev #
#                    al_cec.o" "H:\Tevtron\ARM\two                            #
#                    intrpt\arm\examples\ST\STM32F05x\stm32f0xx_stdperiph_lib #
#                    \Project\STM32F0xx_StdPeriph_Examples\EXTI\EXTI_Example\ #
#                    STM320518-EVAL\Obj\stm320518_eval_i2c_ee.o"              #
#                    "H:\Tevtron\ARM\two intrpt\arm\examples\ST\STM32F05x\stm #
#                    32f0xx_stdperiph_lib\Project\STM32F0xx_StdPeriph_Example #
#                    s\EXTI\EXTI_Example\STM320518-EVAL\Obj\stm320518_eval_i2 #
#                    c_tsensor.o" "H:\Tevtron\ARM\two                         #
#                    intrpt\arm\examples\ST\STM32F05x\stm32f0xx_stdperiph_lib #
#                    \Project\STM32F0xx_StdPeriph_Examples\EXTI\EXTI_Example\ #
#                    STM320518-EVAL\Obj\stm320518_eval_lcd.o"                 #
#                    "H:\Tevtron\ARM\two intrpt\arm\examples\ST\STM32F05x\stm #
#                    32f0xx_stdperiph_lib\Project\STM32F0xx_StdPeriph_Example #
#                    s\EXTI\EXTI_Example\STM320518-EVAL\Obj\stm320518_eval_sp #
#                    i_sd.o" "H:\Tevtron\ARM\two                              #
#                    intrpt\arm\examples\ST\STM32F05x\stm32f0xx_stdperiph_lib #
#                    \Project\STM32F0xx_StdPeriph_Examples\EXTI\EXTI_Example\ #
#                    STM320518-EVAL\Obj\stm32f0xx_adc.o" "H:\Tevtron\ARM\two  #
#                    intrpt\arm\examples\ST\STM32F05x\stm32f0xx_stdperiph_lib #
#                    \Project\STM32F0xx_StdPeriph_Examples\EXTI\EXTI_Example\ #
#                    STM320518-EVAL\Obj\stm32f0xx_cec.o" "H:\Tevtron\ARM\two  #
#                    intrpt\arm\examples\ST\STM32F05x\stm32f0xx_stdperiph_lib #
#                    \Project\STM32F0xx_StdPeriph_Examples\EXTI\EXTI_Example\ #
#                    STM320518-EVAL\Obj\stm32f0xx_comp.o"                     #
#                    "H:\Tevtron\ARM\two intrpt\arm\examples\ST\STM32F05x\stm #
#                    32f0xx_stdperiph_lib\Project\STM32F0xx_StdPeriph_Example #
#                    s\EXTI\EXTI_Example\STM320518-EVAL\Obj\stm32f0xx_crc.o"  #
#                    "H:\Tevtron\ARM\two intrpt\arm\examples\ST\STM32F05x\stm #
#                    32f0xx_stdperiph_lib\Project\STM32F0xx_StdPeriph_Example #
#                    s\EXTI\EXTI_Example\STM320518-EVAL\Obj\stm32f0xx_dac.o"  #
#                    "H:\Tevtron\ARM\two intrpt\arm\examples\ST\STM32F05x\stm #
#                    32f0xx_stdperiph_lib\Project\STM32F0xx_StdPeriph_Example #
#                    s\EXTI\EXTI_Example\STM320518-EVAL\Obj\stm32f0xx_dbgmcu. #
#                    o" "H:\Tevtron\ARM\two intrpt\arm\examples\ST\STM32F05x\ #
#                    stm32f0xx_stdperiph_lib\Project\STM32F0xx_StdPeriph_Exam #
#                    ples\EXTI\EXTI_Example\STM320518-EVAL\Obj\stm32f0xx_dma. #
#                    o" "H:\Tevtron\ARM\two intrpt\arm\examples\ST\STM32F05x\ #
#                    stm32f0xx_stdperiph_lib\Project\STM32F0xx_StdPeriph_Exam #
#                    ples\EXTI\EXTI_Example\STM320518-EVAL\Obj\stm32f0xx_exti #
#                    .o" "H:\Tevtron\ARM\two intrpt\arm\examples\ST\STM32F05x #
#                    \stm32f0xx_stdperiph_lib\Project\STM32F0xx_StdPeriph_Exa #
#                    mples\EXTI\EXTI_Example\STM320518-EVAL\Obj\stm32f0xx_fla #
#                    sh.o" "H:\Tevtron\ARM\two intrpt\arm\examples\ST\STM32F0 #
#                    5x\stm32f0xx_stdperiph_lib\Project\STM32F0xx_StdPeriph_E #
#                    xamples\EXTI\EXTI_Example\STM320518-EVAL\Obj\stm32f0xx_g #
#                    pio.o" "H:\Tevtron\ARM\two intrpt\arm\examples\ST\STM32F #
#                    05x\stm32f0xx_stdperiph_lib\Project\STM32F0xx_StdPeriph_ #
#                    Examples\EXTI\EXTI_Example\STM320518-EVAL\Obj\stm32f0xx_ #
#                    i2c.o" "H:\Tevtron\ARM\two intrpt\arm\examples\ST\STM32F #
#                    05x\stm32f0xx_stdperiph_lib\Project\STM32F0xx_StdPeriph_ #
#                    Examples\EXTI\EXTI_Example\STM320518-EVAL\Obj\stm32f0xx_ #
#                    i2c_cpal.o" "H:\Tevtron\ARM\two                          #
#                    intrpt\arm\examples\ST\STM32F05x\stm32f0xx_stdperiph_lib #
#                    \Project\STM32F0xx_StdPeriph_Examples\EXTI\EXTI_Example\ #
#                    STM320518-EVAL\Obj\stm32f0xx_i2c_cpal_hal.o"             #
#                    "H:\Tevtron\ARM\two intrpt\arm\examples\ST\STM32F05x\stm #
#                    32f0xx_stdperiph_lib\Project\STM32F0xx_StdPeriph_Example #
#                    s\EXTI\EXTI_Example\STM320518-EVAL\Obj\stm32f0xx_it.o"   #
#                    "H:\Tevtron\ARM\two intrpt\arm\examples\ST\STM32F05x\stm #
#                    32f0xx_stdperiph_lib\Project\STM32F0xx_StdPeriph_Example #
#                    s\EXTI\EXTI_Example\STM320518-EVAL\Obj\stm32f0xx_iwdg.o" #
#                     "H:\Tevtron\ARM\two intrpt\arm\examples\ST\STM32F05x\st #
#                    m32f0xx_stdperiph_lib\Project\STM32F0xx_StdPeriph_Exampl #
#                    es\EXTI\EXTI_Example\STM320518-EVAL\Obj\stm32f0xx_misc.o #
#                    " "H:\Tevtron\ARM\two intrpt\arm\examples\ST\STM32F05x\s #
#                    tm32f0xx_stdperiph_lib\Project\STM32F0xx_StdPeriph_Examp #
#                    les\EXTI\EXTI_Example\STM320518-EVAL\Obj\stm32f0xx_pwr.o #
#                    " "H:\Tevtron\ARM\two intrpt\arm\examples\ST\STM32F05x\s #
#                    tm32f0xx_stdperiph_lib\Project\STM32F0xx_StdPeriph_Examp #
#                    les\EXTI\EXTI_Example\STM320518-EVAL\Obj\stm32f0xx_rcc.o #
#                    " "H:\Tevtron\ARM\two intrpt\arm\examples\ST\STM32F05x\s #
#                    tm32f0xx_stdperiph_lib\Project\STM32F0xx_StdPeriph_Examp #
#                    les\EXTI\EXTI_Example\STM320518-EVAL\Obj\stm32f0xx_rtc.o #
#                    " "H:\Tevtron\ARM\two intrpt\arm\examples\ST\STM32F05x\s #
#                    tm32f0xx_stdperiph_lib\Project\STM32F0xx_StdPeriph_Examp #
#                    les\EXTI\EXTI_Example\STM320518-EVAL\Obj\stm32f0xx_spi.o #
#                    " "H:\Tevtron\ARM\two intrpt\arm\examples\ST\STM32F05x\s #
#                    tm32f0xx_stdperiph_lib\Project\STM32F0xx_StdPeriph_Examp #
#                    les\EXTI\EXTI_Example\STM320518-EVAL\Obj\stm32f0xx_syscf #
#                    g.o" "H:\Tevtron\ARM\two intrpt\arm\examples\ST\STM32F05 #
#                    x\stm32f0xx_stdperiph_lib\Project\STM32F0xx_StdPeriph_Ex #
#                    amples\EXTI\EXTI_Example\STM320518-EVAL\Obj\stm32f0xx_ti #
#                    m.o" "H:\Tevtron\ARM\two intrpt\arm\examples\ST\STM32F05 #
#                    x\stm32f0xx_stdperiph_lib\Project\STM32F0xx_StdPeriph_Ex #
#                    amples\EXTI\EXTI_Example\STM320518-EVAL\Obj\stm32f0xx_us #
#                    art.o" "H:\Tevtron\ARM\two intrpt\arm\examples\ST\STM32F #
#                    05x\stm32f0xx_stdperiph_lib\Project\STM32F0xx_StdPeriph_ #
#                    Examples\EXTI\EXTI_Example\STM320518-EVAL\Obj\stm32f0xx_ #
#                    wwdg.o" "H:\Tevtron\ARM\two                              #
#                    intrpt\arm\examples\ST\STM32F05x\stm32f0xx_stdperiph_lib #
#                    \Project\STM32F0xx_StdPeriph_Examples\EXTI\EXTI_Example\ #
#                    STM320518-EVAL\Obj\system_stm32f0xx.o" --redirect        #
#                    _Printf=_PrintfFull --redirect _Scanf=_ScanfFull -o      #
#                    "H:\Tevtron\ARM\two intrpt\arm\examples\ST\STM32F05x\stm #
#                    32f0xx_stdperiph_lib\Project\STM32F0xx_StdPeriph_Example #
#                    s\EXTI\EXTI_Example\STM320518-EVAL\Exe\STM32F0508-EVAL.o #
#                    ut" --map "H:\Tevtron\ARM\two                            #
#                    intrpt\arm\examples\ST\STM32F05x\stm32f0xx_stdperiph_lib #
#                    \Project\STM32F0xx_StdPeriph_Examples\EXTI\EXTI_Example\ #
#                    STM320518-EVAL\List\STM32F0508-EVAL.map" --config        #
#                    "C:\Program Files\IAR Systems\Embedded Workbench         #
#                    6.5\arm\config\linker\ST\stm32f051x8.icf" --semihosting  #
#                    --entry __iar_program_start --vfe                        #
#                                                                             #
#                                                                             #
###############################################################################

*******************************************************************************
*** RUNTIME MODEL ATTRIBUTES
***

CppFlavor       = *
__SystemLibrary = DLib


*******************************************************************************
*** PLACEMENT SUMMARY
***

"A1":  place at 0x08000000 { ro section .intvec };
"P1":  place in [from 0x08000000 to 0x0800ffff] { ro };
"P2":  place in [from 0x20000000 to 0x20001fff] { rw, block CSTACK, block HEAP };

  Section          Kind        Address   Size  Object
  -------          ----        -------   ----  ------
"A1":                                    0xc0
  .intvec          ro code  0x08000000   0xc0  startup_stm32f0xx.o [1]
                          - 0x080000c0   0xc0

"P1":                                   0x464
  .text            ro code  0x080000c0   0xe8  system_stm32f0xx.o [1]
  .text            ro code  0x080001a8   0x90  stm32f0xx_exti.o [1]
  .text            ro code  0x08000238   0x7c  main.o [1]
  .text            ro code  0x080002b4   0x30  stm32f0xx_rcc.o [1]
  .text            ro code  0x080002e4   0x6e  stm32f0xx_gpio.o [1]
  .text            ro code  0x08000352   0x2a  zero_init3.o [5]
  .text            ro code  0x0800037c   0x28  stm32f0xx_syscfg.o [1]
  .text            ro code  0x080003a4   0x50  stm32f0xx_misc.o [1]
  .text            ro code  0x080003f4   0x60  stm32f0xx_it.o [1]
  .text            ro code  0x08000454   0x28  data_init.o [5]
  .iar.init_table  const    0x0800047c   0x10  - Linker created -
  .text            ro code  0x0800048c   0x1a  cmain.o [5]
  .text            ro code  0x080004a6    0x4  low_level_init.o [3]
  .text            ro code  0x080004aa    0x8  exit.o [3]
  .text            ro code  0x080004b2    0x2  startup_stm32f0xx.o [1]
  .text            ro code  0x080004b4    0xa  cexit.o [5]
  .text            ro code  0x080004be    0x2  startup_stm32f0xx.o [1]
  .text            ro code  0x080004c0   0x14  exit.o [6]
  .text            ro code  0x080004d4   0x10  startup_stm32f0xx.o [1]
  .text            ro code  0x080004e4    0xc  cstartup_M.o [5]
  .text            ro code  0x080004f0    0x2  startup_stm32f0xx.o [1]
  .text            ro code  0x080004f2    0x2  startup_stm32f0xx.o [1]
  .text            ro code  0x080004f4    0x2  startup_stm32f0xx.o [1]
  .text            ro code  0x080004f6    0x2  startup_stm32f0xx.o [1]
  .text            ro code  0x080004f8    0x2  startup_stm32f0xx.o [1]
  .text            ro code  0x080004fa    0x2  startup_stm32f0xx.o [1]
  .text            ro code  0x080004fc    0x2  startup_stm32f0xx.o [1]
  .text            ro code  0x080004fe    0x2  startup_stm32f0xx.o [1]
  .text            ro code  0x08000500    0x2  startup_stm32f0xx.o [1]
  .text            ro code  0x08000502    0x2  startup_stm32f0xx.o [1]
  .text            ro code  0x08000504    0x2  startup_stm32f0xx.o [1]
  .text            ro code  0x08000506    0x2  startup_stm32f0xx.o [1]
  .text            ro code  0x08000508    0x2  startup_stm32f0xx.o [1]
  .text            ro code  0x0800050a    0x2  startup_stm32f0xx.o [1]
  .text            ro code  0x0800050c    0x2  startup_stm32f0xx.o [1]
  .text            ro code  0x0800050e    0x2  startup_stm32f0xx.o [1]
  .text            ro code  0x08000510    0x2  startup_stm32f0xx.o [1]
  .text            ro code  0x08000512    0x2  startup_stm32f0xx.o [1]
  .text            ro code  0x08000514    0x2  startup_stm32f0xx.o [1]
  .text            ro code  0x08000516    0x2  startup_stm32f0xx.o [1]
  .text            ro code  0x08000518    0x2  startup_stm32f0xx.o [1]
  .text            ro code  0x0800051a    0x2  startup_stm32f0xx.o [1]
  .text            ro code  0x0800051c    0x2  startup_stm32f0xx.o [1]
  .text            ro code  0x0800051e    0x2  startup_stm32f0xx.o [1]
  .text            ro code  0x08000520    0x2  startup_stm32f0xx.o [1]
  .text            ro code  0x08000522    0x2  startup_stm32f0xx.o [1]
  .rodata          const    0x08000524    0x0  zero_init3.o [5]
                          - 0x08000524  0x464

"P2", part 1 of 2:                       0x18
  .bss             zero     0x20000000   0x14  main.o [1]
                          - 0x20000014   0x14

"P2", part 2 of 2:                      0x800
  CSTACK                    0x20000018  0x800  <Block>
    CSTACK         uninit   0x20000018  0x800  <Block tail>
                          - 0x20000818  0x800


*******************************************************************************
*** INIT TABLE
***

          Address     Size
          -------     ----
Zero (__iar_zero_init3)
    1 destination range, total size 0x14:
          0x20000000  0x14



*******************************************************************************
*** MODULE SUMMARY
***

    Module               ro code  ro data  rw data
    ------               -------  -------  -------
H:\Tevtron\ARM\two intrpt\arm\examples\ST\STM32F05x\stm32f0xx_stdperiph_lib\Project\STM32F0xx_StdPeriph_Examples\EXTI\EXTI_Example\STM320518-EVAL\Obj: [1]
    main.o                   124                20
    startup_stm32f0xx.o      264
    stm32f0xx_exti.o         144
    stm32f0xx_gpio.o         110
    stm32f0xx_it.o            96
    stm32f0xx_misc.o          80
    stm32f0xx_rcc.o           48
    stm32f0xx_syscfg.o        40
    system_stm32f0xx.o       232
    ----------------------------------------------
    Total:                 1 138                20

command line: [2]
    ----------------------------------------------
    Total:

dl6M_tln.a: [3]
    exit.o                     8
    low_level_init.o           4
    ----------------------------------------------
    Total:                    12

m6M_tl.a: [4]
    ----------------------------------------------
    Total:

rt6M_tl.a: [5]
    cexit.o                   10
    cmain.o                   26
    cstartup_M.o              12
    data_init.o               40
    zero_init3.o              42
    ----------------------------------------------
    Total:                   130

shb_l.a: [6]
    exit.o                    20
    ----------------------------------------------
    Total:                    20

    Linker created                     16    2 048
--------------------------------------------------
    Grand Total:           1 300       16    2 068


*******************************************************************************
*** ENTRY LIST
***

Entry                      Address  Size  Type      Object
-----                      -------  ----  ----      ------
?main                   0x0800048d        Code  Gb  cmain.o [5]
CSTACK$$Base            0x20000018         --   Gb  - Linker created -
CSTACK$$Limit           0x20000818         --   Gb  - Linker created -
EXTI0_1_IRQHandler      0x080003ff  0x4c  Code  Gb  stm32f0xx_it.o [1]
EXTI0_Config            0x08000241  0x70  Code  Gb  main.o [1]
EXTI_ClearITPendingBit  0x08000227   0x6  Code  Gb  stm32f0xx_exti.o [1]
EXTI_GetITStatus        0x0800020f  0x18  Code  Gb  stm32f0xx_exti.o [1]
EXTI_Init               0x080001a9  0x66  Code  Gb  stm32f0xx_exti.o [1]
EXTI_InitStructure      0x20000008   0x8  Data  Gb  main.o [1]
GPIO_Init               0x080002e5  0x6a  Code  Gb  stm32f0xx_gpio.o [1]
GPIO_InitStructure      0x20000000   0x8  Data  Gb  main.o [1]
GPIO_SetBits            0x0800034f   0x4  Code  Gb  stm32f0xx_gpio.o [1]
HardFault_Handler       0x080003f7   0x2  Code  Gb  stm32f0xx_it.o [1]
NMI_Handler             0x080003f5   0x2  Code  Gb  stm32f0xx_it.o [1]
NVIC_Init               0x080003a5  0x44  Code  Gb  stm32f0xx_misc.o [1]
NVIC_InitStructure      0x20000010   0x4  Data  Gb  main.o [1]
PendSV_Handler          0x080003fb   0x2  Code  Gb  stm32f0xx_it.o [1]
RCC_AHBPeriphClockCmd   0x080002b5  0x14  Code  Gb  stm32f0xx_rcc.o [1]
RCC_APB2PeriphClockCmd  0x080002c9  0x14  Code  Gb  stm32f0xx_rcc.o [1]
Region$$Table$$Base     0x0800047c         --   Gb  - Linker created -
Region$$Table$$Limit    0x0800048c         --   Gb  - Linker created -
SVC_Handler             0x080003f9   0x2  Code  Gb  stm32f0xx_it.o [1]
SYSCFG_EXTILineConfig   0x0800037d  0x24  Code  Gb  stm32f0xx_syscfg.o [1]
SysTick_Handler         0x080003fd   0x2  Code  Gb  stm32f0xx_it.o [1]
SystemInit              0x080000c1  0xcc  Code  Gb  system_stm32f0xx.o [1]
__ICFEDIT_region_RAM_end__ {Abs}
                        0x20001fff         --   Gb  command line/config [2]
__ICFEDIT_region_RAM_start__ {Abs}
                        0x20000000         --   Gb  command line/config [2]
__cmain                 0x0800048d        Code  Gb  cmain.o [5]
__exit                  0x080004c1  0x14  Code  Gb  exit.o [6]
__iar_data_init3        0x08000455  0x28  Code  Gb  data_init.o [5]
__iar_program_start     0x080004e5        Code  Gb  cstartup_M.o [5]
__iar_zero_init3        0x08000353  0x2a  Code  Gb  zero_init3.o [5]
__low_level_init        0x080004a7   0x4  Code  Gb  low_level_init.o [3]
__vector_table          0x08000000        Data  Gb  startup_stm32f0xx.o [1]
_call_main              0x08000499        Code  Gb  cmain.o [5]
_exit                   0x080004b5        Code  Gb  cexit.o [5]
_main                   0x080004a3        Code  Gb  cmain.o [5]
exit                    0x080004ab   0x8  Code  Gb  exit.o [3]
main                    0x08000239   0x8  Code  Gb  main.o [1]


[1] = H:\Tevtron\ARM\two intrpt\arm\examples\ST\STM32F05x\stm32f0xx_stdperiph_lib\Project\STM32F0xx_StdPeriph_Examples\EXTI\EXTI_Example\STM320518-EVAL\Obj
[2] = command line
[3] = dl6M_tln.a
[4] = m6M_tl.a
[5] = rt6M_tl.a
[6] = shb_l.a

  1 300 bytes of readonly  code memory
     16 bytes of readonly  data memory
  2 068 bytes of readwrite data memory

Errors: none
Warnings: none
