###############################################################################
#                                                                             #
# IAR ELF Linker V6.60.1.5097/W32 for ARM               09/Jan/2015  17:36:45 #
# Copyright 2007-2013 IAR Systems AB.                                         #
#                                                                             #
#    Output file  =  H:\Tevtron\ARM\INT&ADC\arm\examples\ST\STM32F05x\stm32f0 #
#                    xx_stdperiph_lib\Project\STM32F0xx_StdPeriph_Examples\EX #
#                    TI\EXTI_Example\STM320518-EVAL\Exe\STM32F0508-EVAL.out   #
#    Map file     =  H:\Tevtron\ARM\INT&ADC\arm\examples\ST\STM32F05x\stm32f0 #
#                    xx_stdperiph_lib\Project\STM32F0xx_StdPeriph_Examples\EX #
#                    TI\EXTI_Example\STM320518-EVAL\List\STM32F0508-EVAL.map  #
#    Command line =  H:\Tevtron\ARM\INT&ADC\arm\examples\ST\STM32F05x\stm32f0 #
#                    xx_stdperiph_lib\Project\STM32F0xx_StdPeriph_Examples\EX #
#                    TI\EXTI_Example\STM320518-EVAL\Obj\main.o                #
#                    H:\Tevtron\ARM\INT&ADC\arm\examples\ST\STM32F05x\stm32f0 #
#                    xx_stdperiph_lib\Project\STM32F0xx_StdPeriph_Examples\EX #
#                    TI\EXTI_Example\STM320518-EVAL\Obj\startup_stm32f0xx.o   #
#                    H:\Tevtron\ARM\INT&ADC\arm\examples\ST\STM32F05x\stm32f0 #
#                    xx_stdperiph_lib\Project\STM32F0xx_StdPeriph_Examples\EX #
#                    TI\EXTI_Example\STM320518-EVAL\Obj\stm320518_eval.o      #
#                    H:\Tevtron\ARM\INT&ADC\arm\examples\ST\STM32F05x\stm32f0 #
#                    xx_stdperiph_lib\Project\STM32F0xx_StdPeriph_Examples\EX #
#                    TI\EXTI_Example\STM320518-EVAL\Obj\stm320518_eval_cec.o  #
#                    H:\Tevtron\ARM\INT&ADC\arm\examples\ST\STM32F05x\stm32f0 #
#                    xx_stdperiph_lib\Project\STM32F0xx_StdPeriph_Examples\EX #
#                    TI\EXTI_Example\STM320518-EVAL\Obj\stm320518_eval_i2c_ee #
#                    .o H:\Tevtron\ARM\INT&ADC\arm\examples\ST\STM32F05x\stm3 #
#                    2f0xx_stdperiph_lib\Project\STM32F0xx_StdPeriph_Examples #
#                    \EXTI\EXTI_Example\STM320518-EVAL\Obj\stm320518_eval_i2c #
#                    _tsensor.o H:\Tevtron\ARM\INT&ADC\arm\examples\ST\STM32F #
#                    05x\stm32f0xx_stdperiph_lib\Project\STM32F0xx_StdPeriph_ #
#                    Examples\EXTI\EXTI_Example\STM320518-EVAL\Obj\stm320518_ #
#                    eval_lcd.o H:\Tevtron\ARM\INT&ADC\arm\examples\ST\STM32F #
#                    05x\stm32f0xx_stdperiph_lib\Project\STM32F0xx_StdPeriph_ #
#                    Examples\EXTI\EXTI_Example\STM320518-EVAL\Obj\stm320518_ #
#                    eval_spi_sd.o H:\Tevtron\ARM\INT&ADC\arm\examples\ST\STM #
#                    32F05x\stm32f0xx_stdperiph_lib\Project\STM32F0xx_StdPeri #
#                    ph_Examples\EXTI\EXTI_Example\STM320518-EVAL\Obj\stm32f0 #
#                    xx_adc.o H:\Tevtron\ARM\INT&ADC\arm\examples\ST\STM32F05 #
#                    x\stm32f0xx_stdperiph_lib\Project\STM32F0xx_StdPeriph_Ex #
#                    amples\EXTI\EXTI_Example\STM320518-EVAL\Obj\stm32f0xx_ce #
#                    c.o H:\Tevtron\ARM\INT&ADC\arm\examples\ST\STM32F05x\stm #
#                    32f0xx_stdperiph_lib\Project\STM32F0xx_StdPeriph_Example #
#                    s\EXTI\EXTI_Example\STM320518-EVAL\Obj\stm32f0xx_comp.o  #
#                    H:\Tevtron\ARM\INT&ADC\arm\examples\ST\STM32F05x\stm32f0 #
#                    xx_stdperiph_lib\Project\STM32F0xx_StdPeriph_Examples\EX #
#                    TI\EXTI_Example\STM320518-EVAL\Obj\stm32f0xx_crc.o       #
#                    H:\Tevtron\ARM\INT&ADC\arm\examples\ST\STM32F05x\stm32f0 #
#                    xx_stdperiph_lib\Project\STM32F0xx_StdPeriph_Examples\EX #
#                    TI\EXTI_Example\STM320518-EVAL\Obj\stm32f0xx_dac.o       #
#                    H:\Tevtron\ARM\INT&ADC\arm\examples\ST\STM32F05x\stm32f0 #
#                    xx_stdperiph_lib\Project\STM32F0xx_StdPeriph_Examples\EX #
#                    TI\EXTI_Example\STM320518-EVAL\Obj\stm32f0xx_dbgmcu.o    #
#                    H:\Tevtron\ARM\INT&ADC\arm\examples\ST\STM32F05x\stm32f0 #
#                    xx_stdperiph_lib\Project\STM32F0xx_StdPeriph_Examples\EX #
#                    TI\EXTI_Example\STM320518-EVAL\Obj\stm32f0xx_dma.o       #
#                    H:\Tevtron\ARM\INT&ADC\arm\examples\ST\STM32F05x\stm32f0 #
#                    xx_stdperiph_lib\Project\STM32F0xx_StdPeriph_Examples\EX #
#                    TI\EXTI_Example\STM320518-EVAL\Obj\stm32f0xx_exti.o      #
#                    H:\Tevtron\ARM\INT&ADC\arm\examples\ST\STM32F05x\stm32f0 #
#                    xx_stdperiph_lib\Project\STM32F0xx_StdPeriph_Examples\EX #
#                    TI\EXTI_Example\STM320518-EVAL\Obj\stm32f0xx_flash.o     #
#                    H:\Tevtron\ARM\INT&ADC\arm\examples\ST\STM32F05x\stm32f0 #
#                    xx_stdperiph_lib\Project\STM32F0xx_StdPeriph_Examples\EX #
#                    TI\EXTI_Example\STM320518-EVAL\Obj\stm32f0xx_gpio.o      #
#                    H:\Tevtron\ARM\INT&ADC\arm\examples\ST\STM32F05x\stm32f0 #
#                    xx_stdperiph_lib\Project\STM32F0xx_StdPeriph_Examples\EX #
#                    TI\EXTI_Example\STM320518-EVAL\Obj\stm32f0xx_i2c.o       #
#                    H:\Tevtron\ARM\INT&ADC\arm\examples\ST\STM32F05x\stm32f0 #
#                    xx_stdperiph_lib\Project\STM32F0xx_StdPeriph_Examples\EX #
#                    TI\EXTI_Example\STM320518-EVAL\Obj\stm32f0xx_i2c_cpal.o  #
#                    H:\Tevtron\ARM\INT&ADC\arm\examples\ST\STM32F05x\stm32f0 #
#                    xx_stdperiph_lib\Project\STM32F0xx_StdPeriph_Examples\EX #
#                    TI\EXTI_Example\STM320518-EVAL\Obj\stm32f0xx_i2c_cpal_ha #
#                    l.o H:\Tevtron\ARM\INT&ADC\arm\examples\ST\STM32F05x\stm #
#                    32f0xx_stdperiph_lib\Project\STM32F0xx_StdPeriph_Example #
#                    s\EXTI\EXTI_Example\STM320518-EVAL\Obj\stm32f0xx_it.o    #
#                    H:\Tevtron\ARM\INT&ADC\arm\examples\ST\STM32F05x\stm32f0 #
#                    xx_stdperiph_lib\Project\STM32F0xx_StdPeriph_Examples\EX #
#                    TI\EXTI_Example\STM320518-EVAL\Obj\stm32f0xx_iwdg.o      #
#                    H:\Tevtron\ARM\INT&ADC\arm\examples\ST\STM32F05x\stm32f0 #
#                    xx_stdperiph_lib\Project\STM32F0xx_StdPeriph_Examples\EX #
#                    TI\EXTI_Example\STM320518-EVAL\Obj\stm32f0xx_misc.o      #
#                    H:\Tevtron\ARM\INT&ADC\arm\examples\ST\STM32F05x\stm32f0 #
#                    xx_stdperiph_lib\Project\STM32F0xx_StdPeriph_Examples\EX #
#                    TI\EXTI_Example\STM320518-EVAL\Obj\stm32f0xx_pwr.o       #
#                    H:\Tevtron\ARM\INT&ADC\arm\examples\ST\STM32F05x\stm32f0 #
#                    xx_stdperiph_lib\Project\STM32F0xx_StdPeriph_Examples\EX #
#                    TI\EXTI_Example\STM320518-EVAL\Obj\stm32f0xx_rcc.o       #
#                    H:\Tevtron\ARM\INT&ADC\arm\examples\ST\STM32F05x\stm32f0 #
#                    xx_stdperiph_lib\Project\STM32F0xx_StdPeriph_Examples\EX #
#                    TI\EXTI_Example\STM320518-EVAL\Obj\stm32f0xx_rtc.o       #
#                    H:\Tevtron\ARM\INT&ADC\arm\examples\ST\STM32F05x\stm32f0 #
#                    xx_stdperiph_lib\Project\STM32F0xx_StdPeriph_Examples\EX #
#                    TI\EXTI_Example\STM320518-EVAL\Obj\stm32f0xx_spi.o       #
#                    H:\Tevtron\ARM\INT&ADC\arm\examples\ST\STM32F05x\stm32f0 #
#                    xx_stdperiph_lib\Project\STM32F0xx_StdPeriph_Examples\EX #
#                    TI\EXTI_Example\STM320518-EVAL\Obj\stm32f0xx_syscfg.o    #
#                    H:\Tevtron\ARM\INT&ADC\arm\examples\ST\STM32F05x\stm32f0 #
#                    xx_stdperiph_lib\Project\STM32F0xx_StdPeriph_Examples\EX #
#                    TI\EXTI_Example\STM320518-EVAL\Obj\stm32f0xx_tim.o       #
#                    H:\Tevtron\ARM\INT&ADC\arm\examples\ST\STM32F05x\stm32f0 #
#                    xx_stdperiph_lib\Project\STM32F0xx_StdPeriph_Examples\EX #
#                    TI\EXTI_Example\STM320518-EVAL\Obj\stm32f0xx_usart.o     #
#                    H:\Tevtron\ARM\INT&ADC\arm\examples\ST\STM32F05x\stm32f0 #
#                    xx_stdperiph_lib\Project\STM32F0xx_StdPeriph_Examples\EX #
#                    TI\EXTI_Example\STM320518-EVAL\Obj\stm32f0xx_wwdg.o      #
#                    H:\Tevtron\ARM\INT&ADC\arm\examples\ST\STM32F05x\stm32f0 #
#                    xx_stdperiph_lib\Project\STM32F0xx_StdPeriph_Examples\EX #
#                    TI\EXTI_Example\STM320518-EVAL\Obj\system_stm32f0xx.o    #
#                    --redirect _Printf=_PrintfFull --redirect                #
#                    _Scanf=_ScanfFull -o H:\Tevtron\ARM\INT&ADC\arm\examples #
#                    \ST\STM32F05x\stm32f0xx_stdperiph_lib\Project\STM32F0xx_ #
#                    StdPeriph_Examples\EXTI\EXTI_Example\STM320518-EVAL\Exe\ #
#                    STM32F0508-EVAL.out --map H:\Tevtron\ARM\INT&ADC\arm\exa #
#                    mples\ST\STM32F05x\stm32f0xx_stdperiph_lib\Project\STM32 #
#                    F0xx_StdPeriph_Examples\EXTI\EXTI_Example\STM320518-EVAL #
#                    \List\STM32F0508-EVAL.map --config "C:\Program           #
#                    Files\IAR Systems\Embedded Workbench                     #
#                    6.5\arm\config\linker\ST\stm32f051x8.icf" --semihosting  #
#                    --entry __iar_program_start --vfe                        #
#                                                                             #
#                                                                             #
###############################################################################

*******************************************************************************
*** RUNTIME MODEL ATTRIBUTES
***

CppFlavor       = *
__SystemLibrary = DLib


*******************************************************************************
*** PLACEMENT SUMMARY
***

"A1":  place at 0x08000000 { ro section .intvec };
"P1":  place in [from 0x08000000 to 0x0800ffff] { ro };
"P2":  place in [from 0x20000000 to 0x20001fff] { rw, block CSTACK, block HEAP };

  Section          Kind        Address   Size  Object
  -------          ----        -------   ----  ------
"A1":                                    0xc0
  .intvec          ro code  0x08000000   0xc0  startup_stm32f0xx.o [1]
                          - 0x080000c0   0xc0

"P1":                                   0x594
  .text            ro code  0x080000c0   0xf0  main.o [1]
  .text            ro code  0x080001b0   0x48  stm32f0xx_rcc.o [1]
  .text            ro code  0x080001f8   0x6a  stm32f0xx_gpio.o [1]
  .text            ro code  0x08000262   0x2a  zero_init3.o [5]
  .text            ro code  0x0800028c   0x28  stm32f0xx_syscfg.o [1]
  .text            ro code  0x080002b4   0x90  stm32f0xx_exti.o [1]
  .text            ro code  0x08000344   0x50  stm32f0xx_misc.o [1]
  .text            ro code  0x08000394   0xc8  stm32f0xx_adc.o [1]
  .text            ro code  0x0800045c   0xe8  system_stm32f0xx.o [1]
  .text            ro code  0x08000544   0x40  stm32f0xx_it.o [1]
  .text            ro code  0x08000584   0x28  data_init.o [5]
  .iar.init_table  const    0x080005ac   0x10  - Linker created -
  .text            ro code  0x080005bc   0x1a  cmain.o [5]
  .text            ro code  0x080005d6    0x4  low_level_init.o [3]
  .text            ro code  0x080005da    0x8  exit.o [3]
  .text            ro code  0x080005e2    0x2  startup_stm32f0xx.o [1]
  .text            ro code  0x080005e4    0xa  cexit.o [5]
  .text            ro code  0x080005ee    0x2  startup_stm32f0xx.o [1]
  .text            ro code  0x080005f0   0x14  exit.o [6]
  .text            ro code  0x08000604   0x10  startup_stm32f0xx.o [1]
  .text            ro code  0x08000614    0xc  cstartup_M.o [5]
  .text            ro code  0x08000620    0x2  startup_stm32f0xx.o [1]
  .text            ro code  0x08000622    0x2  startup_stm32f0xx.o [1]
  .text            ro code  0x08000624    0x2  startup_stm32f0xx.o [1]
  .text            ro code  0x08000626    0x2  startup_stm32f0xx.o [1]
  .text            ro code  0x08000628    0x2  startup_stm32f0xx.o [1]
  .text            ro code  0x0800062a    0x2  startup_stm32f0xx.o [1]
  .text            ro code  0x0800062c    0x2  startup_stm32f0xx.o [1]
  .text            ro code  0x0800062e    0x2  startup_stm32f0xx.o [1]
  .text            ro code  0x08000630    0x2  startup_stm32f0xx.o [1]
  .text            ro code  0x08000632    0x2  startup_stm32f0xx.o [1]
  .text            ro code  0x08000634    0x2  startup_stm32f0xx.o [1]
  .text            ro code  0x08000636    0x2  startup_stm32f0xx.o [1]
  .text            ro code  0x08000638    0x2  startup_stm32f0xx.o [1]
  .text            ro code  0x0800063a    0x2  startup_stm32f0xx.o [1]
  .text            ro code  0x0800063c    0x2  startup_stm32f0xx.o [1]
  .text            ro code  0x0800063e    0x2  startup_stm32f0xx.o [1]
  .text            ro code  0x08000640    0x2  startup_stm32f0xx.o [1]
  .text            ro code  0x08000642    0x2  startup_stm32f0xx.o [1]
  .text            ro code  0x08000644    0x2  startup_stm32f0xx.o [1]
  .text            ro code  0x08000646    0x2  startup_stm32f0xx.o [1]
  .text            ro code  0x08000648    0x2  startup_stm32f0xx.o [1]
  .text            ro code  0x0800064a    0x2  startup_stm32f0xx.o [1]
  .text            ro code  0x0800064c    0x2  startup_stm32f0xx.o [1]
  .text            ro code  0x0800064e    0x2  startup_stm32f0xx.o [1]
  .text            ro code  0x08000650    0x2  startup_stm32f0xx.o [1]
  .text            ro code  0x08000652    0x2  startup_stm32f0xx.o [1]
  .rodata          const    0x08000654    0x0  zero_init3.o [5]
                          - 0x08000654  0x594

"P2", part 1 of 2:                       0x30
  .bss             zero     0x20000000   0x18  main.o [1]
  .bss             zero     0x20000018   0x14  main.o [1]
  .bss             zero     0x2000002c    0x2  main.o [1]
                          - 0x2000002e   0x2e

"P2", part 2 of 2:                      0x800
  CSTACK                    0x20000030  0x800  <Block>
    CSTACK         uninit   0x20000030  0x800  <Block tail>
                          - 0x20000830  0x800


*******************************************************************************
*** INIT TABLE
***

          Address     Size
          -------     ----
Zero (__iar_zero_init3)
    1 destination range, total size 0x2e:
          0x20000000  0x2e



*******************************************************************************
*** MODULE SUMMARY
***

    Module               ro code  ro data  rw data
    ------               -------  -------  -------
H:\Tevtron\ARM\INT&ADC\arm\examples\ST\STM32F05x\stm32f0xx_stdperiph_lib\Project\STM32F0xx_StdPeriph_Examples\EXTI\EXTI_Example\STM320518-EVAL\Obj: [1]
    main.o                   240                46
    startup_stm32f0xx.o      264
    stm32f0xx_adc.o          200
    stm32f0xx_exti.o         144
    stm32f0xx_gpio.o         106
    stm32f0xx_it.o            64
    stm32f0xx_misc.o          80
    stm32f0xx_rcc.o           72
    stm32f0xx_syscfg.o        40
    system_stm32f0xx.o       232
    ----------------------------------------------
    Total:                 1 442                46

command line: [2]
    ----------------------------------------------
    Total:

dl6M_tln.a: [3]
    exit.o                     8
    low_level_init.o           4
    ----------------------------------------------
    Total:                    12

m6M_tl.a: [4]
    ----------------------------------------------
    Total:

rt6M_tl.a: [5]
    cexit.o                   10
    cmain.o                   26
    cstartup_M.o              12
    data_init.o               40
    zero_init3.o              42
    ----------------------------------------------
    Total:                   130

shb_l.a: [6]
    exit.o                    20
    ----------------------------------------------
    Total:                    20

    Linker created                     16    2 048
--------------------------------------------------
    Grand Total:           1 604       16    2 094


*******************************************************************************
*** ENTRY LIST
***

Entry                      Address  Size  Type      Object
-----                      -------  ----  ----      ------
?main                   0x080005bd        Code  Gb  cmain.o [5]
ADC1ConvertedValue      0x2000002c   0x2  Data  Gb  main.o [1]
ADC_ChannelConfig       0x080003f9   0xa  Code  Gb  stm32f0xx_adc.o [1]
ADC_Cmd                 0x080003e7  0x12  Code  Gb  stm32f0xx_adc.o [1]
ADC_DeInit              0x08000395  0x1e  Code  Gb  stm32f0xx_adc.o [1]
ADC_GetCalibrationFactor
                        0x08000403  0x2c  Code  Gb  stm32f0xx_adc.o [1]
ADC_GetConversionValue  0x0800042f   0x6  Code  Gb  stm32f0xx_adc.o [1]
ADC_GetFlagStatus       0x08000435  0x1a  Code  Gb  stm32f0xx_adc.o [1]
ADC_Init                0x080003b3  0x24  Code  Gb  stm32f0xx_adc.o [1]
ADC_InitStructure       0x20000000  0x18  Data  Gb  main.o [1]
ADC_StructInit          0x080003d7  0x10  Code  Gb  stm32f0xx_adc.o [1]
ADC_config              0x08000121  0x7c  Code  Gb  main.o [1]
CSTACK$$Base            0x20000030         --   Gb  - Linker created -
CSTACK$$Limit           0x20000830         --   Gb  - Linker created -
EXTI0_1_IRQHandler      0x0800054f  0x2e  Code  Gb  stm32f0xx_it.o [1]
EXTI0_Config            0x080000cd  0x54  Code  Gb  main.o [1]
EXTI_ClearITPendingBit  0x08000333   0x6  Code  Gb  stm32f0xx_exti.o [1]
EXTI_GetITStatus        0x0800031b  0x18  Code  Gb  stm32f0xx_exti.o [1]
EXTI_Init               0x080002b5  0x66  Code  Gb  stm32f0xx_exti.o [1]
EXTI_InitStructure      0x20000020   0x8  Data  Gb  main.o [1]
GPIO_Init               0x080001f9  0x6a  Code  Gb  stm32f0xx_gpio.o [1]
GPIO_InitStructure      0x20000018   0x8  Data  Gb  main.o [1]
HardFault_Handler       0x08000547   0x2  Code  Gb  stm32f0xx_it.o [1]
NMI_Handler             0x08000545   0x2  Code  Gb  stm32f0xx_it.o [1]
NVIC_Init               0x08000345  0x44  Code  Gb  stm32f0xx_misc.o [1]
NVIC_InitStructure      0x20000028   0x4  Data  Gb  main.o [1]
PendSV_Handler          0x0800054b   0x2  Code  Gb  stm32f0xx_it.o [1]
RCC_AHBPeriphClockCmd   0x080001b1  0x14  Code  Gb  stm32f0xx_rcc.o [1]
RCC_APB2PeriphClockCmd  0x080001c5  0x14  Code  Gb  stm32f0xx_rcc.o [1]
RCC_APB2PeriphResetCmd  0x080001d9  0x14  Code  Gb  stm32f0xx_rcc.o [1]
Region$$Table$$Base     0x080005ac         --   Gb  - Linker created -
Region$$Table$$Limit    0x080005bc         --   Gb  - Linker created -
SVC_Handler             0x08000549   0x2  Code  Gb  stm32f0xx_it.o [1]
SYSCFG_EXTILineConfig   0x0800028d  0x24  Code  Gb  stm32f0xx_syscfg.o [1]
SysTick_Handler         0x0800054d   0x2  Code  Gb  stm32f0xx_it.o [1]
SystemInit              0x0800045d  0xcc  Code  Gb  system_stm32f0xx.o [1]
__ICFEDIT_region_RAM_end__ {Abs}
                        0x20001fff         --   Gb  command line/config [2]
__ICFEDIT_region_RAM_start__ {Abs}
                        0x20000000         --   Gb  command line/config [2]
__cmain                 0x080005bd        Code  Gb  cmain.o [5]
__exit                  0x080005f1  0x14  Code  Gb  exit.o [6]
__iar_data_init3        0x08000585  0x28  Code  Gb  data_init.o [5]
__iar_program_start     0x08000615        Code  Gb  cstartup_M.o [5]
__iar_zero_init3        0x08000263  0x2a  Code  Gb  zero_init3.o [5]
__low_level_init        0x080005d7   0x4  Code  Gb  low_level_init.o [3]
__vector_table          0x08000000        Data  Gb  startup_stm32f0xx.o [1]
_call_main              0x080005c9        Code  Gb  cmain.o [5]
_exit                   0x080005e5        Code  Gb  cexit.o [5]
_main                   0x080005d3        Code  Gb  cmain.o [5]
exit                    0x080005db   0x8  Code  Gb  exit.o [3]
main                    0x080000c1   0xc  Code  Gb  main.o [1]


[1] = H:\Tevtron\ARM\INT&ADC\arm\examples\ST\STM32F05x\stm32f0xx_stdperiph_lib\Project\STM32F0xx_StdPeriph_Examples\EXTI\EXTI_Example\STM320518-EVAL\Obj
[2] = command line
[3] = dl6M_tln.a
[4] = m6M_tl.a
[5] = rt6M_tl.a
[6] = shb_l.a

  1 604 bytes of readonly  code memory
     16 bytes of readonly  data memory
  2 094 bytes of readwrite data memory

Errors: none
Warnings: none
