###############################################################################
#                                                                             #
# IAR ELF Linker V6.60.1.5097/W32 for ARM               05/Jan/2015  14:31:13 #
# Copyright 2007-2013 IAR Systems AB.                                         #
#                                                                             #
#    Output file  =  H:\Tevtron\ARM\ADC\arm\examples\ST\STM32F05x\stm32f0xx_s #
#                    tdperiph_lib\Project\STM32F0xx_StdPeriph_Examples\ADC\Ba #
#                    sic_Example\STM320518-EVAL\Exe\STM32F0508-EVAL.out       #
#    Map file     =  H:\Tevtron\ARM\ADC\arm\examples\ST\STM32F05x\stm32f0xx_s #
#                    tdperiph_lib\Project\STM32F0xx_StdPeriph_Examples\ADC\Ba #
#                    sic_Example\STM320518-EVAL\List\STM32F0508-EVAL.map      #
#    Command line =  H:\Tevtron\ARM\ADC\arm\examples\ST\STM32F05x\stm32f0xx_s #
#                    tdperiph_lib\Project\STM32F0xx_StdPeriph_Examples\ADC\Ba #
#                    sic_Example\STM320518-EVAL\Obj\main.o                    #
#                    H:\Tevtron\ARM\ADC\arm\examples\ST\STM32F05x\stm32f0xx_s #
#                    tdperiph_lib\Project\STM32F0xx_StdPeriph_Examples\ADC\Ba #
#                    sic_Example\STM320518-EVAL\Obj\startup_stm32f0xx.o       #
#                    H:\Tevtron\ARM\ADC\arm\examples\ST\STM32F05x\stm32f0xx_s #
#                    tdperiph_lib\Project\STM32F0xx_StdPeriph_Examples\ADC\Ba #
#                    sic_Example\STM320518-EVAL\Obj\stm320518_eval.o          #
#                    H:\Tevtron\ARM\ADC\arm\examples\ST\STM32F05x\stm32f0xx_s #
#                    tdperiph_lib\Project\STM32F0xx_StdPeriph_Examples\ADC\Ba #
#                    sic_Example\STM320518-EVAL\Obj\stm320518_eval_cec.o      #
#                    H:\Tevtron\ARM\ADC\arm\examples\ST\STM32F05x\stm32f0xx_s #
#                    tdperiph_lib\Project\STM32F0xx_StdPeriph_Examples\ADC\Ba #
#                    sic_Example\STM320518-EVAL\Obj\stm320518_eval_i2c_ee.o   #
#                    H:\Tevtron\ARM\ADC\arm\examples\ST\STM32F05x\stm32f0xx_s #
#                    tdperiph_lib\Project\STM32F0xx_StdPeriph_Examples\ADC\Ba #
#                    sic_Example\STM320518-EVAL\Obj\stm320518_eval_i2c_tsenso #
#                    r.o H:\Tevtron\ARM\ADC\arm\examples\ST\STM32F05x\stm32f0 #
#                    xx_stdperiph_lib\Project\STM32F0xx_StdPeriph_Examples\AD #
#                    C\Basic_Example\STM320518-EVAL\Obj\stm320518_eval_lcd.o  #
#                    H:\Tevtron\ARM\ADC\arm\examples\ST\STM32F05x\stm32f0xx_s #
#                    tdperiph_lib\Project\STM32F0xx_StdPeriph_Examples\ADC\Ba #
#                    sic_Example\STM320518-EVAL\Obj\stm320518_eval_spi_sd.o   #
#                    H:\Tevtron\ARM\ADC\arm\examples\ST\STM32F05x\stm32f0xx_s #
#                    tdperiph_lib\Project\STM32F0xx_StdPeriph_Examples\ADC\Ba #
#                    sic_Example\STM320518-EVAL\Obj\stm32f0xx_adc.o           #
#                    H:\Tevtron\ARM\ADC\arm\examples\ST\STM32F05x\stm32f0xx_s #
#                    tdperiph_lib\Project\STM32F0xx_StdPeriph_Examples\ADC\Ba #
#                    sic_Example\STM320518-EVAL\Obj\stm32f0xx_cec.o           #
#                    H:\Tevtron\ARM\ADC\arm\examples\ST\STM32F05x\stm32f0xx_s #
#                    tdperiph_lib\Project\STM32F0xx_StdPeriph_Examples\ADC\Ba #
#                    sic_Example\STM320518-EVAL\Obj\stm32f0xx_comp.o          #
#                    H:\Tevtron\ARM\ADC\arm\examples\ST\STM32F05x\stm32f0xx_s #
#                    tdperiph_lib\Project\STM32F0xx_StdPeriph_Examples\ADC\Ba #
#                    sic_Example\STM320518-EVAL\Obj\stm32f0xx_crc.o           #
#                    H:\Tevtron\ARM\ADC\arm\examples\ST\STM32F05x\stm32f0xx_s #
#                    tdperiph_lib\Project\STM32F0xx_StdPeriph_Examples\ADC\Ba #
#                    sic_Example\STM320518-EVAL\Obj\stm32f0xx_dac.o           #
#                    H:\Tevtron\ARM\ADC\arm\examples\ST\STM32F05x\stm32f0xx_s #
#                    tdperiph_lib\Project\STM32F0xx_StdPeriph_Examples\ADC\Ba #
#                    sic_Example\STM320518-EVAL\Obj\stm32f0xx_dbgmcu.o        #
#                    H:\Tevtron\ARM\ADC\arm\examples\ST\STM32F05x\stm32f0xx_s #
#                    tdperiph_lib\Project\STM32F0xx_StdPeriph_Examples\ADC\Ba #
#                    sic_Example\STM320518-EVAL\Obj\stm32f0xx_dma.o           #
#                    H:\Tevtron\ARM\ADC\arm\examples\ST\STM32F05x\stm32f0xx_s #
#                    tdperiph_lib\Project\STM32F0xx_StdPeriph_Examples\ADC\Ba #
#                    sic_Example\STM320518-EVAL\Obj\stm32f0xx_exti.o          #
#                    H:\Tevtron\ARM\ADC\arm\examples\ST\STM32F05x\stm32f0xx_s #
#                    tdperiph_lib\Project\STM32F0xx_StdPeriph_Examples\ADC\Ba #
#                    sic_Example\STM320518-EVAL\Obj\stm32f0xx_flash.o         #
#                    H:\Tevtron\ARM\ADC\arm\examples\ST\STM32F05x\stm32f0xx_s #
#                    tdperiph_lib\Project\STM32F0xx_StdPeriph_Examples\ADC\Ba #
#                    sic_Example\STM320518-EVAL\Obj\stm32f0xx_gpio.o          #
#                    H:\Tevtron\ARM\ADC\arm\examples\ST\STM32F05x\stm32f0xx_s #
#                    tdperiph_lib\Project\STM32F0xx_StdPeriph_Examples\ADC\Ba #
#                    sic_Example\STM320518-EVAL\Obj\stm32f0xx_i2c.o           #
#                    H:\Tevtron\ARM\ADC\arm\examples\ST\STM32F05x\stm32f0xx_s #
#                    tdperiph_lib\Project\STM32F0xx_StdPeriph_Examples\ADC\Ba #
#                    sic_Example\STM320518-EVAL\Obj\stm32f0xx_it.o            #
#                    H:\Tevtron\ARM\ADC\arm\examples\ST\STM32F05x\stm32f0xx_s #
#                    tdperiph_lib\Project\STM32F0xx_StdPeriph_Examples\ADC\Ba #
#                    sic_Example\STM320518-EVAL\Obj\stm32f0xx_iwdg.o          #
#                    H:\Tevtron\ARM\ADC\arm\examples\ST\STM32F05x\stm32f0xx_s #
#                    tdperiph_lib\Project\STM32F0xx_StdPeriph_Examples\ADC\Ba #
#                    sic_Example\STM320518-EVAL\Obj\stm32f0xx_misc.o          #
#                    H:\Tevtron\ARM\ADC\arm\examples\ST\STM32F05x\stm32f0xx_s #
#                    tdperiph_lib\Project\STM32F0xx_StdPeriph_Examples\ADC\Ba #
#                    sic_Example\STM320518-EVAL\Obj\stm32f0xx_pwr.o           #
#                    H:\Tevtron\ARM\ADC\arm\examples\ST\STM32F05x\stm32f0xx_s #
#                    tdperiph_lib\Project\STM32F0xx_StdPeriph_Examples\ADC\Ba #
#                    sic_Example\STM320518-EVAL\Obj\stm32f0xx_rcc.o           #
#                    H:\Tevtron\ARM\ADC\arm\examples\ST\STM32F05x\stm32f0xx_s #
#                    tdperiph_lib\Project\STM32F0xx_StdPeriph_Examples\ADC\Ba #
#                    sic_Example\STM320518-EVAL\Obj\stm32f0xx_rtc.o           #
#                    H:\Tevtron\ARM\ADC\arm\examples\ST\STM32F05x\stm32f0xx_s #
#                    tdperiph_lib\Project\STM32F0xx_StdPeriph_Examples\ADC\Ba #
#                    sic_Example\STM320518-EVAL\Obj\stm32f0xx_spi.o           #
#                    H:\Tevtron\ARM\ADC\arm\examples\ST\STM32F05x\stm32f0xx_s #
#                    tdperiph_lib\Project\STM32F0xx_StdPeriph_Examples\ADC\Ba #
#                    sic_Example\STM320518-EVAL\Obj\stm32f0xx_syscfg.o        #
#                    H:\Tevtron\ARM\ADC\arm\examples\ST\STM32F05x\stm32f0xx_s #
#                    tdperiph_lib\Project\STM32F0xx_StdPeriph_Examples\ADC\Ba #
#                    sic_Example\STM320518-EVAL\Obj\stm32f0xx_tim.o           #
#                    H:\Tevtron\ARM\ADC\arm\examples\ST\STM32F05x\stm32f0xx_s #
#                    tdperiph_lib\Project\STM32F0xx_StdPeriph_Examples\ADC\Ba #
#                    sic_Example\STM320518-EVAL\Obj\stm32f0xx_usart.o         #
#                    H:\Tevtron\ARM\ADC\arm\examples\ST\STM32F05x\stm32f0xx_s #
#                    tdperiph_lib\Project\STM32F0xx_StdPeriph_Examples\ADC\Ba #
#                    sic_Example\STM320518-EVAL\Obj\stm32f0xx_wwdg.o          #
#                    H:\Tevtron\ARM\ADC\arm\examples\ST\STM32F05x\stm32f0xx_s #
#                    tdperiph_lib\Project\STM32F0xx_StdPeriph_Examples\ADC\Ba #
#                    sic_Example\STM320518-EVAL\Obj\system_stm32f0xx.o        #
#                    --redirect _Printf=_PrintfFull --redirect                #
#                    _Scanf=_ScanfFull -o H:\Tevtron\ARM\ADC\arm\examples\ST\ #
#                    STM32F05x\stm32f0xx_stdperiph_lib\Project\STM32F0xx_StdP #
#                    eriph_Examples\ADC\Basic_Example\STM320518-EVAL\Exe\STM3 #
#                    2F0508-EVAL.out --map H:\Tevtron\ARM\ADC\arm\examples\ST #
#                    \STM32F05x\stm32f0xx_stdperiph_lib\Project\STM32F0xx_Std #
#                    Periph_Examples\ADC\Basic_Example\STM320518-EVAL\List\ST #
#                    M32F0508-EVAL.map --config "C:\Program Files\IAR         #
#                    Systems\Embedded Workbench 6.5\arm\config\linker\ST\stm3 #
#                    2f051x8.icf" --semihosting --entry __iar_program_start   #
#                    --vfe                                                    #
#                                                                             #
#                                                                             #
###############################################################################

*******************************************************************************
*** RUNTIME MODEL ATTRIBUTES
***

CppFlavor       = *
__SystemLibrary = DLib


*******************************************************************************
*** PLACEMENT SUMMARY
***

"A1":  place at 0x08000000 { ro section .intvec };
"P1":  place in [from 0x08000000 to 0x0800ffff] { ro };
"P2":  place in [from 0x20000000 to 0x20001fff] { rw, block CSTACK, block HEAP };

  Section            Kind        Address   Size  Object
  -------            ----        -------   ----  ------
"A1":                                      0xc0
  .intvec            ro code  0x08000000   0xc0  startup_stm32f0xx.o [1]
                            - 0x080000c0   0xc0

"P1":                                     0x7bc
  .text              ro code  0x080000c0  0x120  stm32f0xx_rcc.o [1]
  .text              ro code  0x080001e0   0xae  I32DivModFast.o [5]
  .text              ro code  0x0800028e   0x2a  zero_init3.o [5]
  .text              ro code  0x080002b8    0x2  IntDivZer.o [5]
  .text              ro code  0x080002ba    0xa  stm32f0xx_it.o [1]
  .text              ro code  0x080002c4   0xe8  system_stm32f0xx.o [1]
  .text              ro code  0x080003ac   0xd4  stm32f0xx_adc.o [1]
  .text              ro code  0x08000480   0xca  stm32f0xx_usart.o [1]
  .text              ro code  0x0800054a    0x2  startup_stm32f0xx.o [1]
  .text              ro code  0x0800054c   0xbe  stm320518_eval.o [1]
  .text              ro code  0x0800060a    0x2  startup_stm32f0xx.o [1]
  .text              ro code  0x0800060c   0x8a  stm32f0xx_gpio.o [1]
  .text              ro code  0x08000696    0x2  startup_stm32f0xx.o [1]
  .text              ro code  0x08000698   0xb8  main.o [1]
  .text              ro code  0x08000750   0x30  copy_init3.o [5]
  .text              ro code  0x08000780   0x28  data_init.o [5]
  .iar.init_table    const    0x080007a8   0x24  - Linker created -
  .text              ro code  0x080007cc   0x1a  cmain.o [5]
  .text              ro code  0x080007e6    0x4  low_level_init.o [3]
  .text              ro code  0x080007ea    0x8  exit.o [3]
  .text              ro code  0x080007f2    0x2  startup_stm32f0xx.o [1]
  .text              ro code  0x080007f4    0xa  cexit.o [5]
  .text              ro code  0x080007fe    0x2  startup_stm32f0xx.o [1]
  .text              ro code  0x08000800   0x14  exit.o [6]
  .text              ro code  0x08000814   0x10  startup_stm32f0xx.o [1]
  .text              ro code  0x08000824    0xc  cstartup_M.o [5]
  .text              ro code  0x08000830    0x2  startup_stm32f0xx.o [1]
  .text              ro code  0x08000832    0x2  startup_stm32f0xx.o [1]
  .text              ro code  0x08000834    0x2  startup_stm32f0xx.o [1]
  .text              ro code  0x08000836    0x2  startup_stm32f0xx.o [1]
  .text              ro code  0x08000838    0x2  startup_stm32f0xx.o [1]
  .text              ro code  0x0800083a    0x2  startup_stm32f0xx.o [1]
  .text              ro code  0x0800083c    0x2  startup_stm32f0xx.o [1]
  .text              ro code  0x0800083e    0x2  startup_stm32f0xx.o [1]
  .text              ro code  0x08000840    0x2  startup_stm32f0xx.o [1]
  .text              ro code  0x08000842    0x2  startup_stm32f0xx.o [1]
  .text              ro code  0x08000844    0x2  startup_stm32f0xx.o [1]
  .text              ro code  0x08000846    0x2  startup_stm32f0xx.o [1]
  .text              ro code  0x08000848    0x2  startup_stm32f0xx.o [1]
  .text              ro code  0x0800084a    0x2  startup_stm32f0xx.o [1]
  .text              ro code  0x0800084c    0x2  startup_stm32f0xx.o [1]
  .text              ro code  0x0800084e    0x2  startup_stm32f0xx.o [1]
  .text              ro code  0x08000850    0x2  startup_stm32f0xx.o [1]
  .text              ro code  0x08000852    0x2  startup_stm32f0xx.o [1]
  .text              ro code  0x08000854    0x2  startup_stm32f0xx.o [1]
  .text              ro code  0x08000856    0x2  startup_stm32f0xx.o [1]
  .text              ro code  0x08000858    0x2  startup_stm32f0xx.o [1]
  .text              ro code  0x0800085a    0x2  startup_stm32f0xx.o [1]
  .text              ro code  0x0800085c    0x2  startup_stm32f0xx.o [1]
  .text              ro code  0x0800085e    0x2  startup_stm32f0xx.o [1]
  .rodata            const    0x08000860    0x0  zero_init3.o [5]
  .rodata            const    0x08000860    0x0  copy_init3.o [5]
  Initializer bytes  ro data  0x08000860   0x1c  <for P2 s0>
                            - 0x0800087c  0x7bc

"P2", part 1 of 3:                         0x1c
  P2 s0                       0x20000000   0x1c  <Init block>
    .data            inited   0x20000000   0x10  stm32f0xx_rcc.o [1]
    .data            inited   0x20000010    0xc  stm320518_eval.o [1]
                            - 0x2000001c   0x1c

"P2", part 2 of 3:                         0x34
  .bss               zero     0x2000001c   0x30  main.o [1]
                            - 0x2000004c   0x30

"P2", part 3 of 3:                        0x800
  CSTACK                      0x20000050  0x800  <Block>
    CSTACK           uninit   0x20000050  0x800  <Block tail>
                            - 0x20000850  0x800


*******************************************************************************
*** INIT TABLE
***

          Address     Size
          -------     ----
Zero (__iar_zero_init3)
    1 destination range, total size 0x30:
          0x2000001c  0x30

Copy (__iar_copy_init3)
    1 source range, total size 0x1c:
          0x08000860  0x1c
    1 destination range, total size 0x1c:
          0x20000000  0x1c



*******************************************************************************
*** MODULE SUMMARY
***

    Module               ro code  ro data  rw data
    ------               -------  -------  -------
H:\Tevtron\ARM\ADC\arm\examples\ST\STM32F05x\stm32f0xx_stdperiph_lib\Project\STM32F0xx_StdPeriph_Examples\ADC\Basic_Example\STM320518-EVAL\Obj: [1]
    main.o                   184                48
    startup_stm32f0xx.o      266
    stm320518_eval.o         190       12       12
    stm32f0xx_adc.o          212
    stm32f0xx_gpio.o         138
    stm32f0xx_it.o            10
    stm32f0xx_rcc.o          288       16       16
    stm32f0xx_usart.o        202
    system_stm32f0xx.o       232
    ----------------------------------------------
    Total:                 1 722       28       76

command line: [2]
    ----------------------------------------------
    Total:

dl6M_tlf.a: [3]
    exit.o                     8
    low_level_init.o           4
    ----------------------------------------------
    Total:                    12

m6M_tl.a: [4]
    ----------------------------------------------
    Total:

rt6M_tl.a: [5]
    I32DivModFast.o          174
    IntDivZer.o                2
    cexit.o                   10
    cmain.o                   26
    copy_init3.o              48
    cstartup_M.o              12
    data_init.o               40
    zero_init3.o              42
    ----------------------------------------------
    Total:                   354

shb_l.a: [6]
    exit.o                    20
    ----------------------------------------------
    Total:                    20

    Linker created                     36    2 048
--------------------------------------------------
    Grand Total:           2 108       64    2 124


*******************************************************************************
*** ENTRY LIST
***

Entry                      Address  Size  Type      Object
-----                      -------  ----  ----      ------
?main                   0x080007cd        Code  Gb  cmain.o [5]
ADC_ChannelConfig       0x08000411   0xa  Code  Gb  stm32f0xx_adc.o [1]
ADC_Cmd                 0x080003ff  0x12  Code  Gb  stm32f0xx_adc.o [1]
ADC_DeInit              0x080003ad  0x1e  Code  Gb  stm32f0xx_adc.o [1]
ADC_GetCalibrationFactor
                        0x0800041b  0x2c  Code  Gb  stm32f0xx_adc.o [1]
ADC_GetConversionValue  0x08000451   0x6  Code  Gb  stm32f0xx_adc.o [1]
ADC_GetFlagStatus       0x08000457  0x1a  Code  Gb  stm32f0xx_adc.o [1]
ADC_Init                0x080003cb  0x24  Code  Gb  stm32f0xx_adc.o [1]
ADC_InitStructure       0x2000001c  0x18  Data  Gb  main.o [1]
ADC_StartOfConversion   0x08000447   0xa  Code  Gb  stm32f0xx_adc.o [1]
ADC_StructInit          0x080003ef  0x10  Code  Gb  stm32f0xx_adc.o [1]
APBAHBPrescTable        0x20000000  0x10  Data  Lc  stm32f0xx_rcc.o [1]
COM_RX_AF               0x08000608   0x2  Data  Gb  stm320518_eval.o [1]
COM_RX_PIN              0x080005f8   0x2  Data  Gb  stm320518_eval.o [1]
COM_RX_PIN_SOURCE       0x08000600   0x2  Data  Gb  stm320518_eval.o [1]
COM_RX_PORT             0x20000018   0x4  Data  Gb  stm320518_eval.o [1]
COM_RX_PORT_CLK         0x080005f0   0x4  Data  Gb  stm320518_eval.o [1]
COM_TX_AF               0x08000604   0x2  Data  Gb  stm320518_eval.o [1]
COM_TX_PIN              0x080005f4   0x2  Data  Gb  stm320518_eval.o [1]
COM_TX_PIN_SOURCE       0x080005fc   0x2  Data  Gb  stm320518_eval.o [1]
COM_TX_PORT             0x20000014   0x4  Data  Gb  stm320518_eval.o [1]
COM_TX_PORT_CLK         0x080005ec   0x4  Data  Gb  stm320518_eval.o [1]
COM_USART               0x20000010   0x4  Data  Gb  stm320518_eval.o [1]
COM_USART_CLK           0x080005e8   0x4  Data  Gb  stm320518_eval.o [1]
CSTACK$$Base            0x20000050         --   Gb  - Linker created -
CSTACK$$Limit           0x20000850         --   Gb  - Linker created -
GPIO_Init               0x0800060d  0x6a  Code  Gb  stm32f0xx_gpio.o [1]
GPIO_PinAFConfig        0x08000677  0x20  Code  Gb  stm32f0xx_gpio.o [1]
HardFault_Handler       0x080002bd   0x2  Code  Gb  stm32f0xx_it.o [1]
NMI_Handler             0x080002bb   0x2  Code  Gb  stm32f0xx_it.o [1]
PendSV_Handler          0x080002c1   0x2  Code  Gb  stm32f0xx_it.o [1]
RCC_AHBPeriphClockCmd   0x0800017f  0x14  Code  Gb  stm32f0xx_rcc.o [1]
RCC_APB2PeriphClockCmd  0x08000193  0x14  Code  Gb  stm32f0xx_rcc.o [1]
RCC_APB2PeriphResetCmd  0x080001a7  0x14  Code  Gb  stm32f0xx_rcc.o [1]
RCC_GetClocksFreq       0x080000c1  0xbe  Code  Gb  stm32f0xx_rcc.o [1]
Region$$Table$$Base     0x080007a8         --   Gb  - Linker created -
Region$$Table$$Limit    0x080007cc         --   Gb  - Linker created -
STM_EVAL_COMInit        0x0800054d  0x96  Code  Gb  stm320518_eval.o [1]
SVC_Handler             0x080002bf   0x2  Code  Gb  stm32f0xx_it.o [1]
SysTick_Handler         0x080002c3   0x2  Code  Gb  stm32f0xx_it.o [1]
SystemInit              0x080002c5  0xcc  Code  Gb  system_stm32f0xx.o [1]
USART_Cmd               0x08000509  0x16  Code  Gb  stm32f0xx_usart.o [1]
USART_GetFlagStatus     0x0800053d   0xe  Code  Gb  stm32f0xx_usart.o [1]
USART_Init              0x08000481  0x88  Code  Gb  stm32f0xx_usart.o [1]
USART_InitStructure     0x20000034  0x18  Data  Gb  main.o [1]
USART_SendData          0x0800051f   0x8  Code  Gb  stm32f0xx_usart.o [1]
__ICFEDIT_region_RAM_end__ {Abs}
                        0x20001fff         --   Gb  command line/config [2]
__ICFEDIT_region_RAM_start__ {Abs}
                        0x20000000         --   Gb  command line/config [2]
__aeabi_idiv0           0x080002b9        Code  Gb  IntDivZer.o [5]
__aeabi_uidiv           0x080001e1        Code  Gb  I32DivModFast.o [5]
__aeabi_uidivmod        0x080001e1        Code  Gb  I32DivModFast.o [5]
__cmain                 0x080007cd        Code  Gb  cmain.o [5]
__exit                  0x08000801  0x14  Code  Gb  exit.o [6]
__iar_copy_init3        0x08000751  0x30  Code  Gb  copy_init3.o [5]
__iar_data_init3        0x08000781  0x28  Code  Gb  data_init.o [5]
__iar_program_start     0x08000825        Code  Gb  cstartup_M.o [5]
__iar_zero_init3        0x0800028f  0x2a  Code  Gb  zero_init3.o [5]
__low_level_init        0x080007e7   0x4  Code  Gb  low_level_init.o [3]
__vector_table          0x08000000        Data  Gb  startup_stm32f0xx.o [1]
_call_main              0x080007d9        Code  Gb  cmain.o [5]
_exit                   0x080007f5        Code  Gb  cexit.o [5]
_main                   0x080007e3        Code  Gb  cmain.o [5]
exit                    0x080007eb   0x8  Code  Gb  exit.o [3]
main                    0x08000699  0xb8  Code  Gb  main.o [1]


[1] = H:\Tevtron\ARM\ADC\arm\examples\ST\STM32F05x\stm32f0xx_stdperiph_lib\Project\STM32F0xx_StdPeriph_Examples\ADC\Basic_Example\STM320518-EVAL\Obj
[2] = command line
[3] = dl6M_tlf.a
[4] = m6M_tl.a
[5] = rt6M_tl.a
[6] = shb_l.a

  2 108 bytes of readonly  code memory
     64 bytes of readonly  data memory
  2 124 bytes of readwrite data memory

Errors: none
Warnings: none
