###############################################################################
#                                                                             #
# IAR ELF Linker V6.60.1.5097/W32 for ARM               05/Jan/2015  16:30:44 #
# Copyright 2007-2013 IAR Systems AB.                                         #
#                                                                             #
#    Output file  =  H:\Tevtron\ARM\ADC & USART\arm\examples\ST\STM32F05x\stm #
#                    32f0xx_stdperiph_lib\Project\STM32F0xx_StdPeriph_Example #
#                    s\ADC\Basic_Example\STM320518-EVAL\Exe\STM32F0508-EVAL.o #
#                    ut                                                       #
#    Map file     =  H:\Tevtron\ARM\ADC & USART\arm\examples\ST\STM32F05x\stm #
#                    32f0xx_stdperiph_lib\Project\STM32F0xx_StdPeriph_Example #
#                    s\ADC\Basic_Example\STM320518-EVAL\List\STM32F0508-EVAL. #
#                    map                                                      #
#    Command line =  "H:\Tevtron\ARM\ADC & USART\arm\examples\ST\STM32F05x\st #
#                    m32f0xx_stdperiph_lib\Project\STM32F0xx_StdPeriph_Exampl #
#                    es\ADC\Basic_Example\STM320518-EVAL\Obj\main.o"          #
#                    "H:\Tevtron\ARM\ADC & USART\arm\examples\ST\STM32F05x\st #
#                    m32f0xx_stdperiph_lib\Project\STM32F0xx_StdPeriph_Exampl #
#                    es\ADC\Basic_Example\STM320518-EVAL\Obj\startup_stm32f0x #
#                    x.o" "H:\Tevtron\ARM\ADC & USART\arm\examples\ST\STM32F0 #
#                    5x\stm32f0xx_stdperiph_lib\Project\STM32F0xx_StdPeriph_E #
#                    xamples\ADC\Basic_Example\STM320518-EVAL\Obj\stm320518_e #
#                    val.o" "H:\Tevtron\ARM\ADC &                             #
#                    USART\arm\examples\ST\STM32F05x\stm32f0xx_stdperiph_lib\ #
#                    Project\STM32F0xx_StdPeriph_Examples\ADC\Basic_Example\S #
#                    TM320518-EVAL\Obj\stm320518_eval_cec.o"                  #
#                    "H:\Tevtron\ARM\ADC & USART\arm\examples\ST\STM32F05x\st #
#                    m32f0xx_stdperiph_lib\Project\STM32F0xx_StdPeriph_Exampl #
#                    es\ADC\Basic_Example\STM320518-EVAL\Obj\stm320518_eval_i #
#                    2c_ee.o" "H:\Tevtron\ARM\ADC &                           #
#                    USART\arm\examples\ST\STM32F05x\stm32f0xx_stdperiph_lib\ #
#                    Project\STM32F0xx_StdPeriph_Examples\ADC\Basic_Example\S #
#                    TM320518-EVAL\Obj\stm320518_eval_i2c_tsensor.o"          #
#                    "H:\Tevtron\ARM\ADC & USART\arm\examples\ST\STM32F05x\st #
#                    m32f0xx_stdperiph_lib\Project\STM32F0xx_StdPeriph_Exampl #
#                    es\ADC\Basic_Example\STM320518-EVAL\Obj\stm320518_eval_l #
#                    cd.o" "H:\Tevtron\ARM\ADC &                              #
#                    USART\arm\examples\ST\STM32F05x\stm32f0xx_stdperiph_lib\ #
#                    Project\STM32F0xx_StdPeriph_Examples\ADC\Basic_Example\S #
#                    TM320518-EVAL\Obj\stm320518_eval_spi_sd.o"               #
#                    "H:\Tevtron\ARM\ADC & USART\arm\examples\ST\STM32F05x\st #
#                    m32f0xx_stdperiph_lib\Project\STM32F0xx_StdPeriph_Exampl #
#                    es\ADC\Basic_Example\STM320518-EVAL\Obj\stm32f0xx_adc.o" #
#                     "H:\Tevtron\ARM\ADC & USART\arm\examples\ST\STM32F05x\s #
#                    tm32f0xx_stdperiph_lib\Project\STM32F0xx_StdPeriph_Examp #
#                    les\ADC\Basic_Example\STM320518-EVAL\Obj\stm32f0xx_cec.o #
#                    " "H:\Tevtron\ARM\ADC & USART\arm\examples\ST\STM32F05x\ #
#                    stm32f0xx_stdperiph_lib\Project\STM32F0xx_StdPeriph_Exam #
#                    ples\ADC\Basic_Example\STM320518-EVAL\Obj\stm32f0xx_comp #
#                    .o" "H:\Tevtron\ARM\ADC & USART\arm\examples\ST\STM32F05 #
#                    x\stm32f0xx_stdperiph_lib\Project\STM32F0xx_StdPeriph_Ex #
#                    amples\ADC\Basic_Example\STM320518-EVAL\Obj\stm32f0xx_cr #
#                    c.o" "H:\Tevtron\ARM\ADC & USART\arm\examples\ST\STM32F0 #
#                    5x\stm32f0xx_stdperiph_lib\Project\STM32F0xx_StdPeriph_E #
#                    xamples\ADC\Basic_Example\STM320518-EVAL\Obj\stm32f0xx_d #
#                    ac.o" "H:\Tevtron\ARM\ADC &                              #
#                    USART\arm\examples\ST\STM32F05x\stm32f0xx_stdperiph_lib\ #
#                    Project\STM32F0xx_StdPeriph_Examples\ADC\Basic_Example\S #
#                    TM320518-EVAL\Obj\stm32f0xx_dbgmcu.o"                    #
#                    "H:\Tevtron\ARM\ADC & USART\arm\examples\ST\STM32F05x\st #
#                    m32f0xx_stdperiph_lib\Project\STM32F0xx_StdPeriph_Exampl #
#                    es\ADC\Basic_Example\STM320518-EVAL\Obj\stm32f0xx_dma.o" #
#                     "H:\Tevtron\ARM\ADC & USART\arm\examples\ST\STM32F05x\s #
#                    tm32f0xx_stdperiph_lib\Project\STM32F0xx_StdPeriph_Examp #
#                    les\ADC\Basic_Example\STM320518-EVAL\Obj\stm32f0xx_exti. #
#                    o" "H:\Tevtron\ARM\ADC & USART\arm\examples\ST\STM32F05x #
#                    \stm32f0xx_stdperiph_lib\Project\STM32F0xx_StdPeriph_Exa #
#                    mples\ADC\Basic_Example\STM320518-EVAL\Obj\stm32f0xx_fla #
#                    sh.o" "H:\Tevtron\ARM\ADC &                              #
#                    USART\arm\examples\ST\STM32F05x\stm32f0xx_stdperiph_lib\ #
#                    Project\STM32F0xx_StdPeriph_Examples\ADC\Basic_Example\S #
#                    TM320518-EVAL\Obj\stm32f0xx_gpio.o" "H:\Tevtron\ARM\ADC  #
#                    & USART\arm\examples\ST\STM32F05x\stm32f0xx_stdperiph_li #
#                    b\Project\STM32F0xx_StdPeriph_Examples\ADC\Basic_Example #
#                    \STM320518-EVAL\Obj\stm32f0xx_i2c.o"                     #
#                    "H:\Tevtron\ARM\ADC & USART\arm\examples\ST\STM32F05x\st #
#                    m32f0xx_stdperiph_lib\Project\STM32F0xx_StdPeriph_Exampl #
#                    es\ADC\Basic_Example\STM320518-EVAL\Obj\stm32f0xx_it.o"  #
#                    "H:\Tevtron\ARM\ADC & USART\arm\examples\ST\STM32F05x\st #
#                    m32f0xx_stdperiph_lib\Project\STM32F0xx_StdPeriph_Exampl #
#                    es\ADC\Basic_Example\STM320518-EVAL\Obj\stm32f0xx_iwdg.o #
#                    " "H:\Tevtron\ARM\ADC & USART\arm\examples\ST\STM32F05x\ #
#                    stm32f0xx_stdperiph_lib\Project\STM32F0xx_StdPeriph_Exam #
#                    ples\ADC\Basic_Example\STM320518-EVAL\Obj\stm32f0xx_misc #
#                    .o" "H:\Tevtron\ARM\ADC & USART\arm\examples\ST\STM32F05 #
#                    x\stm32f0xx_stdperiph_lib\Project\STM32F0xx_StdPeriph_Ex #
#                    amples\ADC\Basic_Example\STM320518-EVAL\Obj\stm32f0xx_pw #
#                    r.o" "H:\Tevtron\ARM\ADC & USART\arm\examples\ST\STM32F0 #
#                    5x\stm32f0xx_stdperiph_lib\Project\STM32F0xx_StdPeriph_E #
#                    xamples\ADC\Basic_Example\STM320518-EVAL\Obj\stm32f0xx_r #
#                    cc.o" "H:\Tevtron\ARM\ADC &                              #
#                    USART\arm\examples\ST\STM32F05x\stm32f0xx_stdperiph_lib\ #
#                    Project\STM32F0xx_StdPeriph_Examples\ADC\Basic_Example\S #
#                    TM320518-EVAL\Obj\stm32f0xx_rtc.o" "H:\Tevtron\ARM\ADC   #
#                    & USART\arm\examples\ST\STM32F05x\stm32f0xx_stdperiph_li #
#                    b\Project\STM32F0xx_StdPeriph_Examples\ADC\Basic_Example #
#                    \STM320518-EVAL\Obj\stm32f0xx_spi.o"                     #
#                    "H:\Tevtron\ARM\ADC & USART\arm\examples\ST\STM32F05x\st #
#                    m32f0xx_stdperiph_lib\Project\STM32F0xx_StdPeriph_Exampl #
#                    es\ADC\Basic_Example\STM320518-EVAL\Obj\stm32f0xx_syscfg #
#                    .o" "H:\Tevtron\ARM\ADC & USART\arm\examples\ST\STM32F05 #
#                    x\stm32f0xx_stdperiph_lib\Project\STM32F0xx_StdPeriph_Ex #
#                    amples\ADC\Basic_Example\STM320518-EVAL\Obj\stm32f0xx_ti #
#                    m.o" "H:\Tevtron\ARM\ADC & USART\arm\examples\ST\STM32F0 #
#                    5x\stm32f0xx_stdperiph_lib\Project\STM32F0xx_StdPeriph_E #
#                    xamples\ADC\Basic_Example\STM320518-EVAL\Obj\stm32f0xx_u #
#                    sart.o" "H:\Tevtron\ARM\ADC &                            #
#                    USART\arm\examples\ST\STM32F05x\stm32f0xx_stdperiph_lib\ #
#                    Project\STM32F0xx_StdPeriph_Examples\ADC\Basic_Example\S #
#                    TM320518-EVAL\Obj\stm32f0xx_wwdg.o" "H:\Tevtron\ARM\ADC  #
#                    & USART\arm\examples\ST\STM32F05x\stm32f0xx_stdperiph_li #
#                    b\Project\STM32F0xx_StdPeriph_Examples\ADC\Basic_Example #
#                    \STM320518-EVAL\Obj\system_stm32f0xx.o" --redirect       #
#                    _Printf=_PrintfFull --redirect _Scanf=_ScanfFull -o      #
#                    "H:\Tevtron\ARM\ADC & USART\arm\examples\ST\STM32F05x\st #
#                    m32f0xx_stdperiph_lib\Project\STM32F0xx_StdPeriph_Exampl #
#                    es\ADC\Basic_Example\STM320518-EVAL\Exe\STM32F0508-EVAL. #
#                    out" --map "H:\Tevtron\ARM\ADC &                         #
#                    USART\arm\examples\ST\STM32F05x\stm32f0xx_stdperiph_lib\ #
#                    Project\STM32F0xx_StdPeriph_Examples\ADC\Basic_Example\S #
#                    TM320518-EVAL\List\STM32F0508-EVAL.map" --config         #
#                    "C:\Program Files\IAR Systems\Embedded Workbench         #
#                    6.5\arm\config\linker\ST\stm32f051x8.icf" --semihosting  #
#                    --entry __iar_program_start --vfe                        #
#                                                                             #
#                                                                             #
###############################################################################

*******************************************************************************
*** RUNTIME MODEL ATTRIBUTES
***

CppFlavor       = *
__SystemLibrary = DLib


*******************************************************************************
*** PLACEMENT SUMMARY
***

"A1":  place at 0x08000000 { ro section .intvec };
"P1":  place in [from 0x08000000 to 0x0800ffff] { ro };
"P2":  place in [from 0x20000000 to 0x20001fff] { rw, block CSTACK, block HEAP };

  Section            Kind        Address   Size  Object
  -------            ----        -------   ----  ------
"A1":                                      0xc0
  .intvec            ro code  0x08000000   0xc0  startup_stm32f0xx.o [1]
                            - 0x080000c0   0xc0

"P1":                                     0x8d4
  .text              ro code  0x080000c0  0x19c  main.o [1]
  .text              ro code  0x0800025c  0x120  stm32f0xx_rcc.o [1]
  .text              ro code  0x0800037c   0x8a  stm32f0xx_gpio.o [1]
  .text              ro code  0x08000406   0x2a  zero_init3.o [5]
  .text              ro code  0x08000430   0xd4  stm32f0xx_adc.o [1]
  .text              ro code  0x08000504   0xbe  stm320518_eval.o [1]
  .text              ro code  0x080005c2   0xe0  I32DivModFast.o [5]
  .text              ro code  0x080006a2    0xa  stm32f0xx_it.o [1]
  .text              ro code  0x080006ac   0xca  stm32f0xx_usart.o [1]
  .text              ro code  0x08000776    0x2  startup_stm32f0xx.o [1]
  .text              ro code  0x08000778    0x2  IntDivZer.o [5]
  .text              ro code  0x0800077a    0x2  startup_stm32f0xx.o [1]
  .text              ro code  0x0800077c   0xe8  system_stm32f0xx.o [1]
  .text              ro code  0x08000864   0x30  copy_init3.o [5]
  .text              ro code  0x08000894   0x28  data_init.o [5]
  .iar.init_table    const    0x080008bc   0x24  - Linker created -
  .text              ro code  0x080008e0   0x1a  cmain.o [5]
  .text              ro code  0x080008fa    0x4  low_level_init.o [3]
  .text              ro code  0x080008fe    0x8  exit.o [3]
  .text              ro code  0x08000906    0x2  startup_stm32f0xx.o [1]
  .text              ro code  0x08000908    0xa  cexit.o [5]
  .text              ro code  0x08000912    0x2  startup_stm32f0xx.o [1]
  .text              ro code  0x08000914   0x14  exit.o [6]
  .text              ro code  0x08000928   0x10  startup_stm32f0xx.o [1]
  .text              ro code  0x08000938    0xc  cstartup_M.o [5]
  .text              ro code  0x08000944    0x2  startup_stm32f0xx.o [1]
  .text              ro code  0x08000946    0x2  startup_stm32f0xx.o [1]
  .text              ro code  0x08000948    0x2  startup_stm32f0xx.o [1]
  .text              ro code  0x0800094a    0x2  startup_stm32f0xx.o [1]
  .text              ro code  0x0800094c    0x2  startup_stm32f0xx.o [1]
  .text              ro code  0x0800094e    0x2  startup_stm32f0xx.o [1]
  .text              ro code  0x08000950    0x2  startup_stm32f0xx.o [1]
  .text              ro code  0x08000952    0x2  startup_stm32f0xx.o [1]
  .text              ro code  0x08000954    0x2  startup_stm32f0xx.o [1]
  .text              ro code  0x08000956    0x2  startup_stm32f0xx.o [1]
  .text              ro code  0x08000958    0x2  startup_stm32f0xx.o [1]
  .text              ro code  0x0800095a    0x2  startup_stm32f0xx.o [1]
  .text              ro code  0x0800095c    0x2  startup_stm32f0xx.o [1]
  .text              ro code  0x0800095e    0x2  startup_stm32f0xx.o [1]
  .text              ro code  0x08000960    0x2  startup_stm32f0xx.o [1]
  .text              ro code  0x08000962    0x2  startup_stm32f0xx.o [1]
  .text              ro code  0x08000964    0x2  startup_stm32f0xx.o [1]
  .text              ro code  0x08000966    0x2  startup_stm32f0xx.o [1]
  .text              ro code  0x08000968    0x2  startup_stm32f0xx.o [1]
  .text              ro code  0x0800096a    0x2  startup_stm32f0xx.o [1]
  .text              ro code  0x0800096c    0x2  startup_stm32f0xx.o [1]
  .text              ro code  0x0800096e    0x2  startup_stm32f0xx.o [1]
  .text              ro code  0x08000970    0x2  startup_stm32f0xx.o [1]
  .text              ro code  0x08000972    0x2  startup_stm32f0xx.o [1]
  .text              ro code  0x08000974    0x2  startup_stm32f0xx.o [1]
  .rodata            const    0x08000976    0x0  zero_init3.o [5]
  .rodata            const    0x08000976    0x0  copy_init3.o [5]
  Initializer bytes  ro data  0x08000978   0x1c  <for P2 s0>
                            - 0x08000994  0x8d4

"P2", part 1 of 3:                         0x1c
  P2 s0                       0x20000000   0x1c  <Init block>
    .data            inited   0x20000000   0x10  stm32f0xx_rcc.o [1]
    .data            inited   0x20000010    0xc  stm320518_eval.o [1]
                            - 0x2000001c   0x1c

"P2", part 2 of 3:                         0x3c
  .bss               zero     0x2000001c   0x3c  main.o [1]
                            - 0x20000058   0x3c

"P2", part 3 of 3:                        0x800
  CSTACK                      0x20000058  0x800  <Block>
    CSTACK           uninit   0x20000058  0x800  <Block tail>
                            - 0x20000858  0x800


*******************************************************************************
*** INIT TABLE
***

          Address     Size
          -------     ----
Zero (__iar_zero_init3)
    1 destination range, total size 0x3c:
          0x2000001c  0x3c

Copy (__iar_copy_init3)
    1 source range, total size 0x1c:
          0x08000978  0x1c
    1 destination range, total size 0x1c:
          0x20000000  0x1c



*******************************************************************************
*** MODULE SUMMARY
***

    Module               ro code  ro data  rw data
    ------               -------  -------  -------
H:\Tevtron\ARM\ADC & USART\arm\examples\ST\STM32F05x\stm32f0xx_stdperiph_lib\Project\STM32F0xx_StdPeriph_Examples\ADC\Basic_Example\STM320518-EVAL\Obj: [1]
    main.o                   412                60
    startup_stm32f0xx.o      266
    stm320518_eval.o         190       12       12
    stm32f0xx_adc.o          212
    stm32f0xx_gpio.o         138
    stm32f0xx_it.o            10
    stm32f0xx_rcc.o          288       16       16
    stm32f0xx_usart.o        202
    system_stm32f0xx.o       232
    ----------------------------------------------
    Total:                 1 950       28       88

command line: [2]
    ----------------------------------------------
    Total:

dl6M_tlf.a: [3]
    exit.o                     8
    low_level_init.o           4
    ----------------------------------------------
    Total:                    12

m6M_tl.a: [4]
    ----------------------------------------------
    Total:

rt6M_tl.a: [5]
    I32DivModFast.o          224
    IntDivZer.o                2
    cexit.o                   10
    cmain.o                   26
    copy_init3.o              48
    cstartup_M.o              12
    data_init.o               40
    zero_init3.o              42
    ----------------------------------------------
    Total:                   404

shb_l.a: [6]
    exit.o                    20
    ----------------------------------------------
    Total:                    20

    Linker created                     38    2 048
--------------------------------------------------
    Grand Total:           2 386       66    2 136


*******************************************************************************
*** ENTRY LIST
***

Entry                      Address   Size  Type      Object
-----                      -------   ----  ----      ------
?main                   0x080008e1         Code  Gb  cmain.o [5]
ADC1ConvertedValue      0x2000003c    0x2  Data  Gb  main.o [1]
ADC_ChannelConfig       0x08000495    0xa  Code  Gb  stm32f0xx_adc.o [1]
ADC_Cmd                 0x08000483   0x12  Code  Gb  stm32f0xx_adc.o [1]
ADC_DeInit              0x08000431   0x1e  Code  Gb  stm32f0xx_adc.o [1]
ADC_GetCalibrationFactor
                        0x0800049f   0x2c  Code  Gb  stm32f0xx_adc.o [1]
ADC_GetConversionValue  0x080004d5    0x6  Code  Gb  stm32f0xx_adc.o [1]
ADC_GetFlagStatus       0x080004db   0x1a  Code  Gb  stm32f0xx_adc.o [1]
ADC_Init                0x0800044f   0x24  Code  Gb  stm32f0xx_adc.o [1]
ADC_InitStructure       0x20000024   0x18  Data  Gb  main.o [1]
ADC_StartOfConversion   0x080004cb    0xa  Code  Gb  stm32f0xx_adc.o [1]
ADC_StructInit          0x08000473   0x10  Code  Gb  stm32f0xx_adc.o [1]
APBAHBPrescTable        0x20000000   0x10  Data  Lc  stm32f0xx_rcc.o [1]
COM_RX_AF               0x080005c0    0x2  Data  Gb  stm320518_eval.o [1]
COM_RX_PIN              0x080005b0    0x2  Data  Gb  stm320518_eval.o [1]
COM_RX_PIN_SOURCE       0x080005b8    0x2  Data  Gb  stm320518_eval.o [1]
COM_RX_PORT             0x20000018    0x4  Data  Gb  stm320518_eval.o [1]
COM_RX_PORT_CLK         0x080005a8    0x4  Data  Gb  stm320518_eval.o [1]
COM_TX_AF               0x080005bc    0x2  Data  Gb  stm320518_eval.o [1]
COM_TX_PIN              0x080005ac    0x2  Data  Gb  stm320518_eval.o [1]
COM_TX_PIN_SOURCE       0x080005b4    0x2  Data  Gb  stm320518_eval.o [1]
COM_TX_PORT             0x20000014    0x4  Data  Gb  stm320518_eval.o [1]
COM_TX_PORT_CLK         0x080005a4    0x4  Data  Gb  stm320518_eval.o [1]
COM_USART               0x20000010    0x4  Data  Gb  stm320518_eval.o [1]
COM_USART_CLK           0x080005a0    0x4  Data  Gb  stm320518_eval.o [1]
CSTACK$$Base            0x20000058          --   Gb  - Linker created -
CSTACK$$Limit           0x20000858          --   Gb  - Linker created -
GPIO_Init               0x0800037d   0x6a  Code  Gb  stm32f0xx_gpio.o [1]
GPIO_InitStructure      0x2000001c    0x8  Data  Gb  main.o [1]
GPIO_PinAFConfig        0x080003e7   0x20  Code  Gb  stm32f0xx_gpio.o [1]
HardFault_Handler       0x080006a5    0x2  Code  Gb  stm32f0xx_it.o [1]
NMI_Handler             0x080006a3    0x2  Code  Gb  stm32f0xx_it.o [1]
PendSV_Handler          0x080006a9    0x2  Code  Gb  stm32f0xx_it.o [1]
RCC_AHBPeriphClockCmd   0x0800031b   0x14  Code  Gb  stm32f0xx_rcc.o [1]
RCC_APB2PeriphClockCmd  0x0800032f   0x14  Code  Gb  stm32f0xx_rcc.o [1]
RCC_APB2PeriphResetCmd  0x08000343   0x14  Code  Gb  stm32f0xx_rcc.o [1]
RCC_GetClocksFreq       0x0800025d   0xbe  Code  Gb  stm32f0xx_rcc.o [1]
Region$$Table$$Base     0x080008bc          --   Gb  - Linker created -
Region$$Table$$Limit    0x080008e0          --   Gb  - Linker created -
STM_EVAL_COMInit        0x08000505   0x96  Code  Gb  stm320518_eval.o [1]
SVC_Handler             0x080006a7    0x2  Code  Gb  stm32f0xx_it.o [1]
SysTick_Handler         0x080006ab    0x2  Code  Gb  stm32f0xx_it.o [1]
SystemInit              0x0800077d   0xcc  Code  Gb  system_stm32f0xx.o [1]
USART_Cmd               0x08000735   0x16  Code  Gb  stm32f0xx_usart.o [1]
USART_GetFlagStatus     0x08000769    0xe  Code  Gb  stm32f0xx_usart.o [1]
USART_Init              0x080006ad   0x88  Code  Gb  stm32f0xx_usart.o [1]
USART_InitStructure     0x20000040   0x18  Data  Gb  main.o [1]
USART_SendData          0x0800074b    0x8  Code  Gb  stm32f0xx_usart.o [1]
__ICFEDIT_region_RAM_end__ {Abs}
                        0x20001fff          --   Gb  command line/config [2]
__ICFEDIT_region_RAM_start__ {Abs}
                        0x20000000          --   Gb  command line/config [2]
__aeabi_idiv            0x080005ef         Code  Gb  I32DivModFast.o [5]
__aeabi_idiv0           0x08000779         Code  Gb  IntDivZer.o [5]
__aeabi_idivmod         0x080005ef         Code  Gb  I32DivModFast.o [5]
__aeabi_uidiv           0x080005f5         Code  Gb  I32DivModFast.o [5]
__aeabi_uidivmod        0x080005f5         Code  Gb  I32DivModFast.o [5]
__cmain                 0x080008e1         Code  Gb  cmain.o [5]
__exit                  0x08000915   0x14  Code  Gb  exit.o [6]
__iar_copy_init3        0x08000865   0x30  Code  Gb  copy_init3.o [5]
__iar_data_init3        0x08000895   0x28  Code  Gb  data_init.o [5]
__iar_program_start     0x08000939         Code  Gb  cstartup_M.o [5]
__iar_zero_init3        0x08000407   0x2a  Code  Gb  zero_init3.o [5]
__low_level_init        0x080008fb    0x4  Code  Gb  low_level_init.o [3]
__vector_table          0x08000000         Data  Gb  startup_stm32f0xx.o [1]
_call_main              0x080008ed         Code  Gb  cmain.o [5]
_exit                   0x08000909         Code  Gb  cexit.o [5]
_main                   0x080008f7         Code  Gb  cmain.o [5]
exit                    0x080008ff    0x8  Code  Gb  exit.o [3]
main                    0x080000c1  0x19c  Code  Gb  main.o [1]


[1] = H:\Tevtron\ARM\ADC & USART\arm\examples\ST\STM32F05x\stm32f0xx_stdperiph_lib\Project\STM32F0xx_StdPeriph_Examples\ADC\Basic_Example\STM320518-EVAL\Obj
[2] = command line
[3] = dl6M_tlf.a
[4] = m6M_tl.a
[5] = rt6M_tl.a
[6] = shb_l.a

  2 386 bytes of readonly  code memory
     66 bytes of readonly  data memory
  2 136 bytes of readwrite data memory

Errors: none
Warnings: none
