###############################################################################
#                                                                             #
# IAR ELF Linker V6.60.1.5097/W32 for ARM               16/Jan/2015  13:16:22 #
# Copyright 2007-2013 IAR Systems AB.                                         #
#                                                                             #
#    Output file  =  H:\Tevtron\ARM\3 ADC\arm\examples\ST\STM32F05x\stm32f0xx #
#                    _stdperiph_lib\Project\STM32F0xx_StdPeriph_Examples\ADC\ #
#                    Basic_Example\STM320518-EVAL\Exe\STM32F0508-EVAL.out     #
#    Map file     =  H:\Tevtron\ARM\3 ADC\arm\examples\ST\STM32F05x\stm32f0xx #
#                    _stdperiph_lib\Project\STM32F0xx_StdPeriph_Examples\ADC\ #
#                    Basic_Example\STM320518-EVAL\List\STM32F0508-EVAL.map    #
#    Command line =  "H:\Tevtron\ARM\3 ADC\arm\examples\ST\STM32F05x\stm32f0x #
#                    x_stdperiph_lib\Project\STM32F0xx_StdPeriph_Examples\ADC #
#                    \Basic_Example\STM320518-EVAL\Obj\main.o"                #
#                    "H:\Tevtron\ARM\3 ADC\arm\examples\ST\STM32F05x\stm32f0x #
#                    x_stdperiph_lib\Project\STM32F0xx_StdPeriph_Examples\ADC #
#                    \Basic_Example\STM320518-EVAL\Obj\startup_stm32f0xx.o"   #
#                    "H:\Tevtron\ARM\3 ADC\arm\examples\ST\STM32F05x\stm32f0x #
#                    x_stdperiph_lib\Project\STM32F0xx_StdPeriph_Examples\ADC #
#                    \Basic_Example\STM320518-EVAL\Obj\stm320518_eval.o"      #
#                    "H:\Tevtron\ARM\3 ADC\arm\examples\ST\STM32F05x\stm32f0x #
#                    x_stdperiph_lib\Project\STM32F0xx_StdPeriph_Examples\ADC #
#                    \Basic_Example\STM320518-EVAL\Obj\stm320518_eval_cec.o"  #
#                    "H:\Tevtron\ARM\3 ADC\arm\examples\ST\STM32F05x\stm32f0x #
#                    x_stdperiph_lib\Project\STM32F0xx_StdPeriph_Examples\ADC #
#                    \Basic_Example\STM320518-EVAL\Obj\stm320518_eval_i2c_ee. #
#                    o" "H:\Tevtron\ARM\3 ADC\arm\examples\ST\STM32F05x\stm32 #
#                    f0xx_stdperiph_lib\Project\STM32F0xx_StdPeriph_Examples\ #
#                    ADC\Basic_Example\STM320518-EVAL\Obj\stm320518_eval_i2c_ #
#                    tsensor.o" "H:\Tevtron\ARM\3                             #
#                    ADC\arm\examples\ST\STM32F05x\stm32f0xx_stdperiph_lib\Pr #
#                    oject\STM32F0xx_StdPeriph_Examples\ADC\Basic_Example\STM #
#                    320518-EVAL\Obj\stm320518_eval_lcd.o" "H:\Tevtron\ARM\3  #
#                    ADC\arm\examples\ST\STM32F05x\stm32f0xx_stdperiph_lib\Pr #
#                    oject\STM32F0xx_StdPeriph_Examples\ADC\Basic_Example\STM #
#                    320518-EVAL\Obj\stm320518_eval_spi_sd.o"                 #
#                    "H:\Tevtron\ARM\3 ADC\arm\examples\ST\STM32F05x\stm32f0x #
#                    x_stdperiph_lib\Project\STM32F0xx_StdPeriph_Examples\ADC #
#                    \Basic_Example\STM320518-EVAL\Obj\stm32f0xx_adc.o"       #
#                    "H:\Tevtron\ARM\3 ADC\arm\examples\ST\STM32F05x\stm32f0x #
#                    x_stdperiph_lib\Project\STM32F0xx_StdPeriph_Examples\ADC #
#                    \Basic_Example\STM320518-EVAL\Obj\stm32f0xx_cec.o"       #
#                    "H:\Tevtron\ARM\3 ADC\arm\examples\ST\STM32F05x\stm32f0x #
#                    x_stdperiph_lib\Project\STM32F0xx_StdPeriph_Examples\ADC #
#                    \Basic_Example\STM320518-EVAL\Obj\stm32f0xx_comp.o"      #
#                    "H:\Tevtron\ARM\3 ADC\arm\examples\ST\STM32F05x\stm32f0x #
#                    x_stdperiph_lib\Project\STM32F0xx_StdPeriph_Examples\ADC #
#                    \Basic_Example\STM320518-EVAL\Obj\stm32f0xx_crc.o"       #
#                    "H:\Tevtron\ARM\3 ADC\arm\examples\ST\STM32F05x\stm32f0x #
#                    x_stdperiph_lib\Project\STM32F0xx_StdPeriph_Examples\ADC #
#                    \Basic_Example\STM320518-EVAL\Obj\stm32f0xx_dac.o"       #
#                    "H:\Tevtron\ARM\3 ADC\arm\examples\ST\STM32F05x\stm32f0x #
#                    x_stdperiph_lib\Project\STM32F0xx_StdPeriph_Examples\ADC #
#                    \Basic_Example\STM320518-EVAL\Obj\stm32f0xx_dbgmcu.o"    #
#                    "H:\Tevtron\ARM\3 ADC\arm\examples\ST\STM32F05x\stm32f0x #
#                    x_stdperiph_lib\Project\STM32F0xx_StdPeriph_Examples\ADC #
#                    \Basic_Example\STM320518-EVAL\Obj\stm32f0xx_dma.o"       #
#                    "H:\Tevtron\ARM\3 ADC\arm\examples\ST\STM32F05x\stm32f0x #
#                    x_stdperiph_lib\Project\STM32F0xx_StdPeriph_Examples\ADC #
#                    \Basic_Example\STM320518-EVAL\Obj\stm32f0xx_exti.o"      #
#                    "H:\Tevtron\ARM\3 ADC\arm\examples\ST\STM32F05x\stm32f0x #
#                    x_stdperiph_lib\Project\STM32F0xx_StdPeriph_Examples\ADC #
#                    \Basic_Example\STM320518-EVAL\Obj\stm32f0xx_flash.o"     #
#                    "H:\Tevtron\ARM\3 ADC\arm\examples\ST\STM32F05x\stm32f0x #
#                    x_stdperiph_lib\Project\STM32F0xx_StdPeriph_Examples\ADC #
#                    \Basic_Example\STM320518-EVAL\Obj\stm32f0xx_gpio.o"      #
#                    "H:\Tevtron\ARM\3 ADC\arm\examples\ST\STM32F05x\stm32f0x #
#                    x_stdperiph_lib\Project\STM32F0xx_StdPeriph_Examples\ADC #
#                    \Basic_Example\STM320518-EVAL\Obj\stm32f0xx_i2c.o"       #
#                    "H:\Tevtron\ARM\3 ADC\arm\examples\ST\STM32F05x\stm32f0x #
#                    x_stdperiph_lib\Project\STM32F0xx_StdPeriph_Examples\ADC #
#                    \Basic_Example\STM320518-EVAL\Obj\stm32f0xx_it.o"        #
#                    "H:\Tevtron\ARM\3 ADC\arm\examples\ST\STM32F05x\stm32f0x #
#                    x_stdperiph_lib\Project\STM32F0xx_StdPeriph_Examples\ADC #
#                    \Basic_Example\STM320518-EVAL\Obj\stm32f0xx_iwdg.o"      #
#                    "H:\Tevtron\ARM\3 ADC\arm\examples\ST\STM32F05x\stm32f0x #
#                    x_stdperiph_lib\Project\STM32F0xx_StdPeriph_Examples\ADC #
#                    \Basic_Example\STM320518-EVAL\Obj\stm32f0xx_misc.o"      #
#                    "H:\Tevtron\ARM\3 ADC\arm\examples\ST\STM32F05x\stm32f0x #
#                    x_stdperiph_lib\Project\STM32F0xx_StdPeriph_Examples\ADC #
#                    \Basic_Example\STM320518-EVAL\Obj\stm32f0xx_pwr.o"       #
#                    "H:\Tevtron\ARM\3 ADC\arm\examples\ST\STM32F05x\stm32f0x #
#                    x_stdperiph_lib\Project\STM32F0xx_StdPeriph_Examples\ADC #
#                    \Basic_Example\STM320518-EVAL\Obj\stm32f0xx_rcc.o"       #
#                    "H:\Tevtron\ARM\3 ADC\arm\examples\ST\STM32F05x\stm32f0x #
#                    x_stdperiph_lib\Project\STM32F0xx_StdPeriph_Examples\ADC #
#                    \Basic_Example\STM320518-EVAL\Obj\stm32f0xx_rtc.o"       #
#                    "H:\Tevtron\ARM\3 ADC\arm\examples\ST\STM32F05x\stm32f0x #
#                    x_stdperiph_lib\Project\STM32F0xx_StdPeriph_Examples\ADC #
#                    \Basic_Example\STM320518-EVAL\Obj\stm32f0xx_spi.o"       #
#                    "H:\Tevtron\ARM\3 ADC\arm\examples\ST\STM32F05x\stm32f0x #
#                    x_stdperiph_lib\Project\STM32F0xx_StdPeriph_Examples\ADC #
#                    \Basic_Example\STM320518-EVAL\Obj\stm32f0xx_syscfg.o"    #
#                    "H:\Tevtron\ARM\3 ADC\arm\examples\ST\STM32F05x\stm32f0x #
#                    x_stdperiph_lib\Project\STM32F0xx_StdPeriph_Examples\ADC #
#                    \Basic_Example\STM320518-EVAL\Obj\stm32f0xx_tim.o"       #
#                    "H:\Tevtron\ARM\3 ADC\arm\examples\ST\STM32F05x\stm32f0x #
#                    x_stdperiph_lib\Project\STM32F0xx_StdPeriph_Examples\ADC #
#                    \Basic_Example\STM320518-EVAL\Obj\stm32f0xx_usart.o"     #
#                    "H:\Tevtron\ARM\3 ADC\arm\examples\ST\STM32F05x\stm32f0x #
#                    x_stdperiph_lib\Project\STM32F0xx_StdPeriph_Examples\ADC #
#                    \Basic_Example\STM320518-EVAL\Obj\stm32f0xx_wwdg.o"      #
#                    "H:\Tevtron\ARM\3 ADC\arm\examples\ST\STM32F05x\stm32f0x #
#                    x_stdperiph_lib\Project\STM32F0xx_StdPeriph_Examples\ADC #
#                    \Basic_Example\STM320518-EVAL\Obj\system_stm32f0xx.o"    #
#                    --redirect _Printf=_PrintfFull --redirect                #
#                    _Scanf=_ScanfFull -o "H:\Tevtron\ARM\3                   #
#                    ADC\arm\examples\ST\STM32F05x\stm32f0xx_stdperiph_lib\Pr #
#                    oject\STM32F0xx_StdPeriph_Examples\ADC\Basic_Example\STM #
#                    320518-EVAL\Exe\STM32F0508-EVAL.out" --map               #
#                    "H:\Tevtron\ARM\3 ADC\arm\examples\ST\STM32F05x\stm32f0x #
#                    x_stdperiph_lib\Project\STM32F0xx_StdPeriph_Examples\ADC #
#                    \Basic_Example\STM320518-EVAL\List\STM32F0508-EVAL.map"  #
#                    --config "C:\Program Files\IAR Systems\Embedded          #
#                    Workbench 6.5\arm\config\linker\ST\stm32f051x8.icf"      #
#                    --semihosting --entry __iar_program_start --vfe          #
#                                                                             #
#                                                                             #
###############################################################################

*******************************************************************************
*** RUNTIME MODEL ATTRIBUTES
***

CppFlavor       = *
__SystemLibrary = DLib


*******************************************************************************
*** PLACEMENT SUMMARY
***

"A1":  place at 0x08000000 { ro section .intvec };
"P1":  place in [from 0x08000000 to 0x0800ffff] { ro };
"P2":  place in [from 0x20000000 to 0x20001fff] { rw, block CSTACK, block HEAP };

  Section          Kind        Address   Size  Object
  -------          ----        -------   ----  ------
"A1":                                    0xc0
  .intvec          ro code  0x08000000   0xc0  startup_stm32f0xx.o [1]
                          - 0x080000c0   0xc0

"P1":                                   0x514
  .text            ro code  0x080000c0  0x1a0  main.o [1]
  .text            ro code  0x08000260   0x48  stm32f0xx_rcc.o [1]
  .text            ro code  0x080002a8   0x6a  stm32f0xx_gpio.o [1]
  .text            ro code  0x08000312   0x2a  zero_init3.o [5]
  .text            ro code  0x0800033c   0xd4  stm32f0xx_adc.o [1]
  .text            ro code  0x08000410   0xe8  system_stm32f0xx.o [1]
  .text            ro code  0x080004f8   0x28  data_init.o [5]
  .iar.init_table  const    0x08000520   0x10  - Linker created -
  .text            ro code  0x08000530   0x1a  cmain.o [5]
  .text            ro code  0x0800054a    0x4  low_level_init.o [3]
  .text            ro code  0x0800054e    0x8  exit.o [3]
  .text            ro code  0x08000556    0xa  stm32f0xx_it.o [1]
  .text            ro code  0x08000560    0xa  cexit.o [5]
  .text            ro code  0x0800056a    0x2  startup_stm32f0xx.o [1]
  .text            ro code  0x0800056c   0x14  exit.o [6]
  .text            ro code  0x08000580   0x10  startup_stm32f0xx.o [1]
  .text            ro code  0x08000590    0xc  cstartup_M.o [5]
  .text            ro code  0x0800059c    0x2  startup_stm32f0xx.o [1]
  .text            ro code  0x0800059e    0x2  startup_stm32f0xx.o [1]
  .text            ro code  0x080005a0    0x2  startup_stm32f0xx.o [1]
  .text            ro code  0x080005a2    0x2  startup_stm32f0xx.o [1]
  .text            ro code  0x080005a4    0x2  startup_stm32f0xx.o [1]
  .text            ro code  0x080005a6    0x2  startup_stm32f0xx.o [1]
  .text            ro code  0x080005a8    0x2  startup_stm32f0xx.o [1]
  .text            ro code  0x080005aa    0x2  startup_stm32f0xx.o [1]
  .text            ro code  0x080005ac    0x2  startup_stm32f0xx.o [1]
  .text            ro code  0x080005ae    0x2  startup_stm32f0xx.o [1]
  .text            ro code  0x080005b0    0x2  startup_stm32f0xx.o [1]
  .text            ro code  0x080005b2    0x2  startup_stm32f0xx.o [1]
  .text            ro code  0x080005b4    0x2  startup_stm32f0xx.o [1]
  .text            ro code  0x080005b6    0x2  startup_stm32f0xx.o [1]
  .text            ro code  0x080005b8    0x2  startup_stm32f0xx.o [1]
  .text            ro code  0x080005ba    0x2  startup_stm32f0xx.o [1]
  .text            ro code  0x080005bc    0x2  startup_stm32f0xx.o [1]
  .text            ro code  0x080005be    0x2  startup_stm32f0xx.o [1]
  .text            ro code  0x080005c0    0x2  startup_stm32f0xx.o [1]
  .text            ro code  0x080005c2    0x2  startup_stm32f0xx.o [1]
  .text            ro code  0x080005c4    0x2  startup_stm32f0xx.o [1]
  .text            ro code  0x080005c6    0x2  startup_stm32f0xx.o [1]
  .text            ro code  0x080005c8    0x2  startup_stm32f0xx.o [1]
  .text            ro code  0x080005ca    0x2  startup_stm32f0xx.o [1]
  .text            ro code  0x080005cc    0x2  startup_stm32f0xx.o [1]
  .text            ro code  0x080005ce    0x2  startup_stm32f0xx.o [1]
  .text            ro code  0x080005d0    0x2  startup_stm32f0xx.o [1]
  .text            ro code  0x080005d2    0x2  startup_stm32f0xx.o [1]
  .rodata          const    0x080005d4    0x0  zero_init3.o [5]
                          - 0x080005d4  0x514

"P2", part 1 of 2:                       0x28
  .bss             zero     0x20000000   0x26  main.o [1]
                          - 0x20000026   0x26

"P2", part 2 of 2:                      0x800
  CSTACK                    0x20000028  0x800  <Block>
    CSTACK         uninit   0x20000028  0x800  <Block tail>
                          - 0x20000828  0x800


*******************************************************************************
*** INIT TABLE
***

          Address     Size
          -------     ----
Zero (__iar_zero_init3)
    1 destination range, total size 0x26:
          0x20000000  0x26



*******************************************************************************
*** MODULE SUMMARY
***

    Module               ro code  ro data  rw data
    ------               -------  -------  -------
H:\Tevtron\ARM\3 ADC\arm\examples\ST\STM32F05x\stm32f0xx_stdperiph_lib\Project\STM32F0xx_StdPeriph_Examples\ADC\Basic_Example\STM320518-EVAL\Obj: [1]
    main.o                   416                38
    startup_stm32f0xx.o      266
    stm32f0xx_adc.o          212
    stm32f0xx_gpio.o         106
    stm32f0xx_it.o            10
    stm32f0xx_rcc.o           72
    system_stm32f0xx.o       232
    ----------------------------------------------
    Total:                 1 314                38

command line: [2]
    ----------------------------------------------
    Total:

dl6M_tlf.a: [3]
    exit.o                     8
    low_level_init.o           4
    ----------------------------------------------
    Total:                    12

m6M_tl.a: [4]
    ----------------------------------------------
    Total:

rt6M_tl.a: [5]
    cexit.o                   10
    cmain.o                   26
    cstartup_M.o              12
    data_init.o               40
    zero_init3.o              42
    ----------------------------------------------
    Total:                   130

shb_l.a: [6]
    exit.o                    20
    ----------------------------------------------
    Total:                    20

    Linker created                     16    2 048
--------------------------------------------------
    Grand Total:           1 476       16    2 086


*******************************************************************************
*** ENTRY LIST
***

Entry                      Address   Size  Type      Object
-----                      -------   ----  ----      ------
?main                   0x08000531         Code  Gb  cmain.o [5]
ADC1ConvertedValue      0x20000020    0x2  Data  Gb  main.o [1]
ADC_ChannelConfig       0x080003a1    0xa  Code  Gb  stm32f0xx_adc.o [1]
ADC_Cmd                 0x0800038f   0x12  Code  Gb  stm32f0xx_adc.o [1]
ADC_DeInit              0x0800033d   0x1e  Code  Gb  stm32f0xx_adc.o [1]
ADC_GetCalibrationFactor
                        0x080003ab   0x2c  Code  Gb  stm32f0xx_adc.o [1]
ADC_GetConversionValue  0x080003e1    0x6  Code  Gb  stm32f0xx_adc.o [1]
ADC_GetFlagStatus       0x080003e7   0x1a  Code  Gb  stm32f0xx_adc.o [1]
ADC_Init                0x0800035b   0x24  Code  Gb  stm32f0xx_adc.o [1]
ADC_InitStructure       0x20000008   0x18  Data  Gb  main.o [1]
ADC_StartOfConversion   0x080003d7    0xa  Code  Gb  stm32f0xx_adc.o [1]
ADC_StructInit          0x0800037f   0x10  Code  Gb  stm32f0xx_adc.o [1]
CSTACK$$Base            0x20000028          --   Gb  - Linker created -
CSTACK$$Limit           0x20000828          --   Gb  - Linker created -
GPIO_Init               0x080002a9   0x6a  Code  Gb  stm32f0xx_gpio.o [1]
GPIO_InitStructure      0x20000000    0x8  Data  Gb  main.o [1]
HardFault_Handler       0x08000559    0x2  Code  Gb  stm32f0xx_it.o [1]
NMI_Handler             0x08000557    0x2  Code  Gb  stm32f0xx_it.o [1]
PendSV_Handler          0x0800055d    0x2  Code  Gb  stm32f0xx_it.o [1]
RCC_AHBPeriphClockCmd   0x08000261   0x14  Code  Gb  stm32f0xx_rcc.o [1]
RCC_APB2PeriphClockCmd  0x08000275   0x14  Code  Gb  stm32f0xx_rcc.o [1]
RCC_APB2PeriphResetCmd  0x08000289   0x14  Code  Gb  stm32f0xx_rcc.o [1]
Region$$Table$$Base     0x08000520          --   Gb  - Linker created -
Region$$Table$$Limit    0x08000530          --   Gb  - Linker created -
SVC_Handler             0x0800055b    0x2  Code  Gb  stm32f0xx_it.o [1]
SysTick_Handler         0x0800055f    0x2  Code  Gb  stm32f0xx_it.o [1]
SystemInit              0x08000411   0xcc  Code  Gb  system_stm32f0xx.o [1]
__ICFEDIT_region_RAM_end__ {Abs}
                        0x20001fff          --   Gb  command line/config [2]
__ICFEDIT_region_RAM_start__ {Abs}
                        0x20000000          --   Gb  command line/config [2]
__cmain                 0x08000531         Code  Gb  cmain.o [5]
__exit                  0x0800056d   0x14  Code  Gb  exit.o [6]
__iar_data_init3        0x080004f9   0x28  Code  Gb  data_init.o [5]
__iar_program_start     0x08000591         Code  Gb  cstartup_M.o [5]
__iar_zero_init3        0x08000313   0x2a  Code  Gb  zero_init3.o [5]
__low_level_init        0x0800054b    0x4  Code  Gb  low_level_init.o [3]
__vector_table          0x08000000         Data  Gb  startup_stm32f0xx.o [1]
_call_main              0x0800053d         Code  Gb  cmain.o [5]
_exit                   0x08000561         Code  Gb  cexit.o [5]
_main                   0x08000547         Code  Gb  cmain.o [5]
adc1                    0x20000022    0x2  Data  Gb  main.o [1]
adc2                    0x20000024    0x2  Data  Gb  main.o [1]
exit                    0x0800054f    0x8  Code  Gb  exit.o [3]
main                    0x080000c1  0x184  Code  Gb  main.o [1]


[1] = H:\Tevtron\ARM\3 ADC\arm\examples\ST\STM32F05x\stm32f0xx_stdperiph_lib\Project\STM32F0xx_StdPeriph_Examples\ADC\Basic_Example\STM320518-EVAL\Obj
[2] = command line
[3] = dl6M_tlf.a
[4] = m6M_tl.a
[5] = rt6M_tl.a
[6] = shb_l.a

  1 476 bytes of readonly  code memory
     16 bytes of readonly  data memory
  2 086 bytes of readwrite data memory

Errors: none
Warnings: none
